Archive member included to satisfy reference by file (symbol)

../aribtration_part1_software_bsp/\libhal_bsp.a(alt_load.o)
                              ../aribtration_part1_software_bsp//obj/HAL/src/crt0.o (alt_load)
../aribtration_part1_software_bsp/\libhal_bsp.a(alt_main.o)
                              ../aribtration_part1_software_bsp//obj/HAL/src/crt0.o (alt_main)
../aribtration_part1_software_bsp/\libhal_bsp.a(alt_sys_init.o)
                              ../aribtration_part1_software_bsp/\libhal_bsp.a(alt_main.o) (alt_irq_init)
../aribtration_part1_software_bsp/\libhal_bsp.a(altera_avalon_jtag_uart_fd.o)
                              ../aribtration_part1_software_bsp/\libhal_bsp.a(alt_sys_init.o) (altera_avalon_jtag_uart_read_fd)
../aribtration_part1_software_bsp/\libhal_bsp.a(altera_avalon_jtag_uart_init.o)
                              ../aribtration_part1_software_bsp/\libhal_bsp.a(alt_sys_init.o) (altera_avalon_jtag_uart_init)
../aribtration_part1_software_bsp/\libhal_bsp.a(altera_avalon_jtag_uart_ioctl.o)
                              ../aribtration_part1_software_bsp/\libhal_bsp.a(altera_avalon_jtag_uart_fd.o) (altera_avalon_jtag_uart_ioctl)
../aribtration_part1_software_bsp/\libhal_bsp.a(altera_avalon_jtag_uart_read.o)
                              ../aribtration_part1_software_bsp/\libhal_bsp.a(altera_avalon_jtag_uart_fd.o) (altera_avalon_jtag_uart_read)
../aribtration_part1_software_bsp/\libhal_bsp.a(altera_avalon_jtag_uart_write.o)
                              ../aribtration_part1_software_bsp/\libhal_bsp.a(altera_avalon_jtag_uart_fd.o) (altera_avalon_jtag_uart_write)
../aribtration_part1_software_bsp/\libhal_bsp.a(alt_alarm_start.o)
                              ../aribtration_part1_software_bsp/\libhal_bsp.a(altera_avalon_jtag_uart_init.o) (alt_alarm_start)
../aribtration_part1_software_bsp/\libhal_bsp.a(alt_close.o)
                              ../aribtration_part1_software_bsp/\libhal_bsp.a(alt_main.o) (close)
../aribtration_part1_software_bsp/\libhal_bsp.a(alt_dcache_flush_all.o)
                              ../aribtration_part1_software_bsp/\libhal_bsp.a(alt_load.o) (alt_dcache_flush_all)
../aribtration_part1_software_bsp/\libhal_bsp.a(alt_dev.o)
                              ../aribtration_part1_software_bsp/\libhal_bsp.a(alt_sys_init.o) (alt_dev_list)
../aribtration_part1_software_bsp/\libhal_bsp.a(alt_dev_llist_insert.o)
                              ../aribtration_part1_software_bsp/\libhal_bsp.a(alt_sys_init.o) (alt_dev_llist_insert)
../aribtration_part1_software_bsp/\libhal_bsp.a(alt_do_ctors.o)
                              ../aribtration_part1_software_bsp/\libhal_bsp.a(alt_main.o) (_do_ctors)
../aribtration_part1_software_bsp/\libhal_bsp.a(alt_do_dtors.o)
                              ../aribtration_part1_software_bsp/\libhal_bsp.a(alt_main.o) (_do_dtors)
../aribtration_part1_software_bsp/\libhal_bsp.a(alt_errno.o)
                              ../aribtration_part1_software_bsp/\libhal_bsp.a(alt_close.o) (alt_errno)
../aribtration_part1_software_bsp/\libhal_bsp.a(alt_icache_flush_all.o)
                              ../aribtration_part1_software_bsp/\libhal_bsp.a(alt_load.o) (alt_icache_flush_all)
../aribtration_part1_software_bsp/\libhal_bsp.a(alt_iic.o)
                              ../aribtration_part1_software_bsp/\libhal_bsp.a(altera_avalon_jtag_uart_init.o) (alt_ic_isr_register)
../aribtration_part1_software_bsp/\libhal_bsp.a(alt_iic_isr_register.o)
                              ../aribtration_part1_software_bsp/\libhal_bsp.a(alt_iic.o) (alt_iic_isr_register)
../aribtration_part1_software_bsp/\libhal_bsp.a(alt_io_redirect.o)
                              ../aribtration_part1_software_bsp/\libhal_bsp.a(alt_main.o) (alt_io_redirect)
../aribtration_part1_software_bsp/\libhal_bsp.a(alt_irq_entry.o)
                              ../aribtration_part1_software_bsp/\libhal_bsp.a(alt_iic_isr_register.o) (alt_irq_entry)
../aribtration_part1_software_bsp/\libhal_bsp.a(alt_irq_handler.o)
                              ../aribtration_part1_software_bsp/\libhal_bsp.a(alt_iic_isr_register.o) (alt_irq)
../aribtration_part1_software_bsp/\libhal_bsp.a(alt_irq_vars.o)
                              ../aribtration_part1_software_bsp/\libhal_bsp.a(alt_iic.o) (alt_irq_active)
../aribtration_part1_software_bsp/\libhal_bsp.a(alt_open.o)
                              ../aribtration_part1_software_bsp/\libhal_bsp.a(alt_io_redirect.o) (open)
../aribtration_part1_software_bsp/\libhal_bsp.a(alt_release_fd.o)
                              ../aribtration_part1_software_bsp/\libhal_bsp.a(alt_close.o) (alt_release_fd)
../aribtration_part1_software_bsp/\libhal_bsp.a(alt_tick.o)
                              ../aribtration_part1_software_bsp/\libhal_bsp.a(altera_avalon_jtag_uart_init.o) (_alt_tick_rate)
../aribtration_part1_software_bsp/\libhal_bsp.a(altera_nios2_gen2_irq.o)
                              ../aribtration_part1_software_bsp/\libhal_bsp.a(alt_sys_init.o) (altera_nios2_gen2_irq_init)
../aribtration_part1_software_bsp/\libhal_bsp.a(alt_exception_entry.o)
                              ../aribtration_part1_software_bsp/\libhal_bsp.a(alt_irq_entry.o) (alt_exception)
../aribtration_part1_software_bsp/\libhal_bsp.a(alt_find_dev.o)
                              ../aribtration_part1_software_bsp/\libhal_bsp.a(alt_open.o) (alt_find_dev)
../aribtration_part1_software_bsp/\libhal_bsp.a(alt_find_file.o)
                              ../aribtration_part1_software_bsp/\libhal_bsp.a(alt_open.o) (alt_find_file)
../aribtration_part1_software_bsp/\libhal_bsp.a(alt_get_fd.o)
                              ../aribtration_part1_software_bsp/\libhal_bsp.a(alt_open.o) (alt_get_fd)
../aribtration_part1_software_bsp/\libhal_bsp.a(alt_instruction_exception_entry.o)
                              ../aribtration_part1_software_bsp/\libhal_bsp.a(alt_exception_entry.o) (alt_instruction_exception_entry)
c:/intelfpga_lite/18.1/nios2eds/bin/gnu/h-x86_64-mingw32/bin/../lib/gcc/nios2-elf/5.3.0/../../../../../H-x86_64-mingw32/nios2-elf/lib/mno-hw-mul\libc.a(lib_a-atexit.o)
                              ../aribtration_part1_software_bsp/\libhal_bsp.a(alt_main.o) (atexit)
c:/intelfpga_lite/18.1/nios2eds/bin/gnu/h-x86_64-mingw32/bin/../lib/gcc/nios2-elf/5.3.0/../../../../../H-x86_64-mingw32/nios2-elf/lib/mno-hw-mul\libc.a(lib_a-exit.o)
                              ../aribtration_part1_software_bsp/\libhal_bsp.a(alt_main.o) (exit)
c:/intelfpga_lite/18.1/nios2eds/bin/gnu/h-x86_64-mingw32/bin/../lib/gcc/nios2-elf/5.3.0/../../../../../H-x86_64-mingw32/nios2-elf/lib/mno-hw-mul\libc.a(lib_a-impure.o)
                              c:/intelfpga_lite/18.1/nios2eds/bin/gnu/h-x86_64-mingw32/bin/../lib/gcc/nios2-elf/5.3.0/../../../../../H-x86_64-mingw32/nios2-elf/lib/mno-hw-mul\libc.a(lib_a-exit.o) (_global_impure_ptr)
c:/intelfpga_lite/18.1/nios2eds/bin/gnu/h-x86_64-mingw32/bin/../lib/gcc/nios2-elf/5.3.0/../../../../../H-x86_64-mingw32/nios2-elf/lib/mno-hw-mul\libc.a(lib_a-int_errno.o)
                              ../aribtration_part1_software_bsp/\libhal_bsp.a(alt_close.o) (errno)
c:/intelfpga_lite/18.1/nios2eds/bin/gnu/h-x86_64-mingw32/bin/../lib/gcc/nios2-elf/5.3.0/../../../../../H-x86_64-mingw32/nios2-elf/lib/mno-hw-mul\libc.a(lib_a-memcmp.o)
                              ../aribtration_part1_software_bsp/\libhal_bsp.a(alt_find_dev.o) (memcmp)
c:/intelfpga_lite/18.1/nios2eds/bin/gnu/h-x86_64-mingw32/bin/../lib/gcc/nios2-elf/5.3.0/../../../../../H-x86_64-mingw32/nios2-elf/lib/mno-hw-mul\libc.a(lib_a-memcpy.o)
                              ../aribtration_part1_software_bsp/\libhal_bsp.a(altera_avalon_jtag_uart_read.o) (memcpy)
c:/intelfpga_lite/18.1/nios2eds/bin/gnu/h-x86_64-mingw32/bin/../lib/gcc/nios2-elf/5.3.0/../../../../../H-x86_64-mingw32/nios2-elf/lib/mno-hw-mul\libc.a(lib_a-strlen.o)
                              ../aribtration_part1_software_bsp/\libhal_bsp.a(alt_find_dev.o) (strlen)
c:/intelfpga_lite/18.1/nios2eds/bin/gnu/h-x86_64-mingw32/bin/../lib/gcc/nios2-elf/5.3.0/../../../../../H-x86_64-mingw32/nios2-elf/lib/mno-hw-mul\libc.a(lib_a-__atexit.o)
                              c:/intelfpga_lite/18.1/nios2eds/bin/gnu/h-x86_64-mingw32/bin/../lib/gcc/nios2-elf/5.3.0/../../../../../H-x86_64-mingw32/nios2-elf/lib/mno-hw-mul\libc.a(lib_a-atexit.o) (__register_exitproc)
c:/intelfpga_lite/18.1/nios2eds/bin/gnu/h-x86_64-mingw32/bin/../lib/gcc/nios2-elf/5.3.0/../../../../../H-x86_64-mingw32/nios2-elf/lib/mno-hw-mul\libc.a(lib_a-__call_atexit.o)
                              c:/intelfpga_lite/18.1/nios2eds/bin/gnu/h-x86_64-mingw32/bin/../lib/gcc/nios2-elf/5.3.0/../../../../../H-x86_64-mingw32/nios2-elf/lib/mno-hw-mul\libc.a(lib_a-exit.o) (__call_exitprocs)
c:/intelfpga_lite/18.1/nios2eds/bin/gnu/h-x86_64-mingw32/bin/../lib/gcc/nios2-elf/5.3.0/mno-hw-mul\libgcc.a(lib2-mul.o)
                              ../aribtration_part1_software_bsp/\libhal_bsp.a(alt_close.o) (__mulsi3)
../aribtration_part1_software_bsp/\libhal_bsp.a(alt_exit.o)
                              c:/intelfpga_lite/18.1/nios2eds/bin/gnu/h-x86_64-mingw32/bin/../lib/gcc/nios2-elf/5.3.0/../../../../../H-x86_64-mingw32/nios2-elf/lib/mno-hw-mul\libc.a(lib_a-exit.o) (_exit)

Allocating common symbols
Common symbol       size              file

alt_irq             0x100             ../aribtration_part1_software_bsp/\libhal_bsp.a(alt_irq_handler.o)
errno               0x4               c:/intelfpga_lite/18.1/nios2eds/bin/gnu/h-x86_64-mingw32/bin/../lib/gcc/nios2-elf/5.3.0/../../../../../H-x86_64-mingw32/nios2-elf/lib/mno-hw-mul\libc.a(lib_a-int_errno.o)

Memory Configuration

Name             Origin             Length             Attributes
reset            0x0000000000020000 0x0000000000000020
onchip_memory2_1 0x0000000000020020 0x000000000000ffe0
*default*        0x0000000000000000 0xffffffffffffffff

Linker script and memory map

LOAD ../aribtration_part1_software_bsp//obj/HAL/src/crt0.o
LOAD obj/default/Arbitration_part1.o
LOAD c:/intelfpga_lite/18.1/nios2eds/bin/gnu/h-x86_64-mingw32/bin/../lib/gcc/nios2-elf/5.3.0/../../../../../H-x86_64-mingw32/nios2-elf/lib/mno-hw-mul\libstdc++.a
LOAD c:/intelfpga_lite/18.1/nios2eds/bin/gnu/h-x86_64-mingw32/bin/../lib/gcc/nios2-elf/5.3.0/../../../../../H-x86_64-mingw32/nios2-elf/lib/mno-hw-mul\libm.a
LOAD c:/intelfpga_lite/18.1/nios2eds/bin/gnu/h-x86_64-mingw32/bin/../lib/gcc/nios2-elf/5.3.0/mno-hw-mul\libgcc.a
START GROUP
LOAD c:/intelfpga_lite/18.1/nios2eds/bin/gnu/h-x86_64-mingw32/bin/../lib/gcc/nios2-elf/5.3.0/../../../../../H-x86_64-mingw32/nios2-elf/lib/mno-hw-mul\libc.a
LOAD c:/intelfpga_lite/18.1/nios2eds/bin/gnu/h-x86_64-mingw32/bin/../lib/gcc/nios2-elf/5.3.0/mno-hw-mul\libgcc.a
LOAD ../aribtration_part1_software_bsp/\libhal_bsp.a
LOAD c:/intelfpga_lite/18.1/nios2eds/bin/gnu/h-x86_64-mingw32/bin/../lib/gcc/nios2-elf/5.3.0/../../../../../H-x86_64-mingw32/nios2-elf/lib/mno-hw-mul\libm.a
END GROUP
LOAD c:/intelfpga_lite/18.1/nios2eds/bin/gnu/h-x86_64-mingw32/bin/../lib/gcc/nios2-elf/5.3.0/mno-hw-mul\libgcc.a
                0x0000000000020000                __alt_mem_onchip_memory2_1 = 0x20000

.entry          0x0000000000020000       0x20
 *(.entry)
 .entry         0x0000000000020000       0x20 ../aribtration_part1_software_bsp//obj/HAL/src/crt0.o
                0x0000000000020000                __reset

.exceptions     0x0000000000020020      0x210
                0x0000000000020020                PROVIDE (__ram_exceptions_start, ABSOLUTE (.))
                0x0000000000020020                . = ALIGN (0x20)
 *(.irq)
 *(.exceptions.entry.label)
 .exceptions.entry.label
                0x0000000000020020        0x0 ../aribtration_part1_software_bsp/\libhal_bsp.a(alt_irq_entry.o)
                0x0000000000020020                alt_irq_entry
 .exceptions.entry.label
                0x0000000000020020        0x0 ../aribtration_part1_software_bsp/\libhal_bsp.a(alt_exception_entry.o)
                0x0000000000020020                alt_exception
 *(.exceptions.entry.user)
 *(.exceptions.entry.ecc_fatal)
 *(.exceptions.entry)
 .exceptions.entry
                0x0000000000020020       0x54 ../aribtration_part1_software_bsp/\libhal_bsp.a(alt_exception_entry.o)
 *(.exceptions.irqtest.user)
 *(.exceptions.irqtest)
 .exceptions.irqtest
                0x0000000000020074       0x10 ../aribtration_part1_software_bsp/\libhal_bsp.a(alt_irq_entry.o)
 *(.exceptions.irqhandler.user)
 *(.exceptions.irqhandler)
 .exceptions.irqhandler
                0x0000000000020084        0x4 ../aribtration_part1_software_bsp/\libhal_bsp.a(alt_irq_entry.o)
 *(.exceptions.irqreturn.user)
 *(.exceptions.irqreturn)
 .exceptions.irqreturn
                0x0000000000020088        0x4 ../aribtration_part1_software_bsp/\libhal_bsp.a(alt_irq_entry.o)
 *(.exceptions.notirq.label)
 .exceptions.notirq.label
                0x000000000002008c        0x0 ../aribtration_part1_software_bsp/\libhal_bsp.a(alt_irq_entry.o)
 *(.exceptions.notirq.user)
 *(.exceptions.notirq)
 .exceptions.notirq
                0x000000000002008c        0x8 ../aribtration_part1_software_bsp/\libhal_bsp.a(alt_exception_entry.o)
 *(.exceptions.soft.user)
 *(.exceptions.soft)
 *(.exceptions.unknown.user)
 *(.exceptions.unknown)
 .exceptions.unknown
                0x0000000000020094       0x14 ../aribtration_part1_software_bsp/\libhal_bsp.a(alt_exception_entry.o)
 *(.exceptions.exit.label)
 .exceptions.exit.label
                0x00000000000200a8        0x0 ../aribtration_part1_software_bsp/\libhal_bsp.a(alt_irq_entry.o)
 .exceptions.exit.label
                0x00000000000200a8        0x0 ../aribtration_part1_software_bsp/\libhal_bsp.a(alt_exception_entry.o)
 *(.exceptions.exit.user)
 *(.exceptions.exit)
 .exceptions.exit
                0x00000000000200a8       0x54 ../aribtration_part1_software_bsp/\libhal_bsp.a(alt_exception_entry.o)
 *(.exceptions)
 .exceptions    0x00000000000200fc       0xd4 ../aribtration_part1_software_bsp/\libhal_bsp.a(alt_irq_handler.o)
                0x00000000000200fc                alt_irq_handler
 .exceptions    0x00000000000201d0       0x60 ../aribtration_part1_software_bsp/\libhal_bsp.a(alt_instruction_exception_entry.o)
                0x00000000000201d0                alt_instruction_exception_entry
                0x0000000000020230                PROVIDE (__ram_exceptions_end, ABSOLUTE (.))
                0x0000000000020020                PROVIDE (__flash_exceptions_start, LOADADDR (.exceptions))

.text           0x0000000000020230     0x237c
                [!provide]                        PROVIDE (stext, ABSOLUTE (.))
 *(.interp)
 *(.hash)
 *(.dynsym)
 *(.dynstr)
 *(.gnu.version)
 *(.gnu.version_d)
 *(.gnu.version_r)
 *(.rel.init)
 *(.rela.init)
 *(.rel.text .rel.text.* .rel.gnu.linkonce.t.*)
 *(.rela.text .rela.text.* .rela.gnu.linkonce.t.*)
 *(.rel.fini)
 *(.rela.fini)
 *(.rel.rodata .rel.rodata.* .rel.gnu.linkonce.r.*)
 *(.rela.rodata .rela.rodata.* .rela.gnu.linkonce.r.*)
 *(.rel.data .rel.data.* .rel.gnu.linkonce.d.*)
 *(.rela.data .rela.data.* .rela.gnu.linkonce.d.*)
 *(.rel.tdata .rel.tdata.* .rel.gnu.linkonce.td.*)
 *(.rela.tdata .rela.tdata.* .rela.gnu.linkonce.td.*)
 *(.rel.tbss .rel.tbss.* .rel.gnu.linkonce.tb.*)
 *(.rela.tbss .rela.tbss.* .rela.gnu.linkonce.tb.*)
 *(.rel.ctors)
 *(.rela.ctors)
 *(.rel.dtors)
 *(.rela.dtors)
 *(.rel.got)
 *(.rela.got)
 *(.rel.sdata .rel.sdata.* .rel.gnu.linkonce.s.*)
 *(.rela.sdata .rela.sdata.* .rela.gnu.linkonce.s.*)
 *(.rel.sbss .rel.sbss.* .rel.gnu.linkonce.sb.*)
 *(.rela.sbss .rela.sbss.* .rela.gnu.linkonce.sb.*)
 *(.rel.sdata2 .rel.sdata2.* .rel.gnu.linkonce.s2.*)
 *(.rela.sdata2 .rela.sdata2.* .rela.gnu.linkonce.s2.*)
 *(.rel.sbss2 .rel.sbss2.* .rel.gnu.linkonce.sb2.*)
 *(.rela.sbss2 .rela.sbss2.* .rela.gnu.linkonce.sb2.*)
 *(.rel.bss .rel.bss.* .rel.gnu.linkonce.b.*)
 *(.rela.bss .rela.bss.* .rela.gnu.linkonce.b.*)
 *(.rel.plt)
 *(.rela.plt)
 *(.rel.dyn)
 *(.init)
 *(.plt)
 *(.text .stub .text.* .gnu.linkonce.t.*)
 .text          0x0000000000020230       0x3c ../aribtration_part1_software_bsp//obj/HAL/src/crt0.o
                0x0000000000020230                _start
 .text          0x000000000002026c      0x108 obj/default/Arbitration_part1.o
                0x000000000002026c                jtag_display
                0x00000000000202d0                main
 .text          0x0000000000020374       0xec ../aribtration_part1_software_bsp/\libhal_bsp.a(alt_load.o)
                0x00000000000203dc                alt_load
 .text          0x0000000000020460       0x7c ../aribtration_part1_software_bsp/\libhal_bsp.a(alt_main.o)
                0x0000000000020460                alt_main
 .text          0x00000000000204dc       0xb8 ../aribtration_part1_software_bsp/\libhal_bsp.a(alt_sys_init.o)
                0x0000000000020510                alt_irq_init
                0x0000000000020548                alt_sys_init
 .text          0x0000000000020594      0x164 ../aribtration_part1_software_bsp/\libhal_bsp.a(altera_avalon_jtag_uart_fd.o)
                0x0000000000020594                altera_avalon_jtag_uart_read_fd
                0x00000000000205f4                altera_avalon_jtag_uart_write_fd
                0x0000000000020654                altera_avalon_jtag_uart_close_fd
                0x00000000000206a4                altera_avalon_jtag_uart_ioctl_fd
 .text          0x00000000000206f8      0x3d4 ../aribtration_part1_software_bsp/\libhal_bsp.a(altera_avalon_jtag_uart_init.o)
                0x00000000000206f8                altera_avalon_jtag_uart_init
                0x0000000000020a64                altera_avalon_jtag_uart_close
 .text          0x0000000000020acc       0xf0 ../aribtration_part1_software_bsp/\libhal_bsp.a(altera_avalon_jtag_uart_ioctl.o)
                0x0000000000020acc                altera_avalon_jtag_uart_ioctl
 .text          0x0000000000020bbc      0x21c ../aribtration_part1_software_bsp/\libhal_bsp.a(altera_avalon_jtag_uart_read.o)
                0x0000000000020bbc                altera_avalon_jtag_uart_read
 .text          0x0000000000020dd8      0x224 ../aribtration_part1_software_bsp/\libhal_bsp.a(altera_avalon_jtag_uart_write.o)
                0x0000000000020dd8                altera_avalon_jtag_uart_write
 .text          0x0000000000020ffc      0x12c ../aribtration_part1_software_bsp/\libhal_bsp.a(alt_alarm_start.o)
                0x0000000000020ffc                alt_alarm_start
 .text          0x0000000000021128      0x114 ../aribtration_part1_software_bsp/\libhal_bsp.a(alt_close.o)
                0x0000000000021164                close
 .text          0x000000000002123c       0x20 ../aribtration_part1_software_bsp/\libhal_bsp.a(alt_dcache_flush_all.o)
                0x000000000002123c                alt_dcache_flush_all
 .text          0x000000000002125c       0x2c ../aribtration_part1_software_bsp/\libhal_bsp.a(alt_dev.o)
 .text          0x0000000000021288       0xe0 ../aribtration_part1_software_bsp/\libhal_bsp.a(alt_dev_llist_insert.o)
                0x00000000000212c4                alt_dev_llist_insert
 .text          0x0000000000021368       0x60 ../aribtration_part1_software_bsp/\libhal_bsp.a(alt_do_ctors.o)
                0x0000000000021368                _do_ctors
 .text          0x00000000000213c8       0x60 ../aribtration_part1_software_bsp/\libhal_bsp.a(alt_do_dtors.o)
                0x00000000000213c8                _do_dtors
 .text          0x0000000000021428        0x0 ../aribtration_part1_software_bsp/\libhal_bsp.a(alt_errno.o)
 .text          0x0000000000021428       0x20 ../aribtration_part1_software_bsp/\libhal_bsp.a(alt_icache_flush_all.o)
                0x0000000000021428                alt_icache_flush_all
 .text          0x0000000000021448      0x1b0 ../aribtration_part1_software_bsp/\libhal_bsp.a(alt_iic.o)
                0x0000000000021448                alt_ic_isr_register
                0x0000000000021498                alt_ic_irq_enable
                0x0000000000021520                alt_ic_irq_disable
                0x00000000000215ac                alt_ic_irq_enabled
 .text          0x00000000000215f8       0xf0 ../aribtration_part1_software_bsp/\libhal_bsp.a(alt_iic_isr_register.o)
                0x00000000000215f8                alt_iic_isr_register
 .text          0x00000000000216e8      0x160 ../aribtration_part1_software_bsp/\libhal_bsp.a(alt_io_redirect.o)
                0x00000000000217cc                alt_io_redirect
 .text          0x0000000000021848        0x0 ../aribtration_part1_software_bsp/\libhal_bsp.a(alt_irq_entry.o)
 .text          0x0000000000021848        0x0 ../aribtration_part1_software_bsp/\libhal_bsp.a(alt_irq_handler.o)
 .text          0x0000000000021848        0x0 ../aribtration_part1_software_bsp/\libhal_bsp.a(alt_irq_vars.o)
 .text          0x0000000000021848      0x284 ../aribtration_part1_software_bsp/\libhal_bsp.a(alt_open.o)
                0x0000000000021970                open
 .text          0x0000000000021acc       0x84 ../aribtration_part1_software_bsp/\libhal_bsp.a(alt_release_fd.o)
                0x0000000000021acc                alt_release_fd
 .text          0x0000000000021b50      0x1a4 ../aribtration_part1_software_bsp/\libhal_bsp.a(alt_tick.o)
                0x0000000000021b50                alt_alarm_stop
                0x0000000000021bec                alt_tick
 .text          0x0000000000021cf4       0x24 ../aribtration_part1_software_bsp/\libhal_bsp.a(altera_nios2_gen2_irq.o)
                0x0000000000021cf4                altera_nios2_gen2_irq_init
 .text          0x0000000000021d18        0x0 ../aribtration_part1_software_bsp/\libhal_bsp.a(alt_exception_entry.o)
 .text          0x0000000000021d18       0x90 ../aribtration_part1_software_bsp/\libhal_bsp.a(alt_find_dev.o)
                0x0000000000021d18                alt_find_dev
 .text          0x0000000000021da8      0x108 ../aribtration_part1_software_bsp/\libhal_bsp.a(alt_find_file.o)
                0x0000000000021da8                alt_find_file
 .text          0x0000000000021eb0       0xc4 ../aribtration_part1_software_bsp/\libhal_bsp.a(alt_get_fd.o)
                0x0000000000021eb0                alt_get_fd
 .text          0x0000000000021f74       0x9c ../aribtration_part1_software_bsp/\libhal_bsp.a(alt_instruction_exception_entry.o)
                0x0000000000021f74                alt_exception_cause_generated_bad_addr
 .text          0x0000000000022010        0x0 c:/intelfpga_lite/18.1/nios2eds/bin/gnu/h-x86_64-mingw32/bin/../lib/gcc/nios2-elf/5.3.0/../../../../../H-x86_64-mingw32/nios2-elf/lib/mno-hw-mul\libc.a(lib_a-atexit.o)
 .text.atexit   0x0000000000022010       0x14 c:/intelfpga_lite/18.1/nios2eds/bin/gnu/h-x86_64-mingw32/bin/../lib/gcc/nios2-elf/5.3.0/../../../../../H-x86_64-mingw32/nios2-elf/lib/mno-hw-mul\libc.a(lib_a-atexit.o)
                0x0000000000022010                atexit
 .text          0x0000000000022024        0x0 c:/intelfpga_lite/18.1/nios2eds/bin/gnu/h-x86_64-mingw32/bin/../lib/gcc/nios2-elf/5.3.0/../../../../../H-x86_64-mingw32/nios2-elf/lib/mno-hw-mul\libc.a(lib_a-exit.o)
 .text.exit     0x0000000000022024       0x38 c:/intelfpga_lite/18.1/nios2eds/bin/gnu/h-x86_64-mingw32/bin/../lib/gcc/nios2-elf/5.3.0/../../../../../H-x86_64-mingw32/nios2-elf/lib/mno-hw-mul\libc.a(lib_a-exit.o)
                0x0000000000022024                exit
 .text          0x000000000002205c        0x0 c:/intelfpga_lite/18.1/nios2eds/bin/gnu/h-x86_64-mingw32/bin/../lib/gcc/nios2-elf/5.3.0/../../../../../H-x86_64-mingw32/nios2-elf/lib/mno-hw-mul\libc.a(lib_a-impure.o)
 .text          0x000000000002205c        0x0 c:/intelfpga_lite/18.1/nios2eds/bin/gnu/h-x86_64-mingw32/bin/../lib/gcc/nios2-elf/5.3.0/../../../../../H-x86_64-mingw32/nios2-elf/lib/mno-hw-mul\libc.a(lib_a-int_errno.o)
 .text          0x000000000002205c        0x0 c:/intelfpga_lite/18.1/nios2eds/bin/gnu/h-x86_64-mingw32/bin/../lib/gcc/nios2-elf/5.3.0/../../../../../H-x86_64-mingw32/nios2-elf/lib/mno-hw-mul\libc.a(lib_a-memcmp.o)
 .text.memcmp   0x000000000002205c       0x7c c:/intelfpga_lite/18.1/nios2eds/bin/gnu/h-x86_64-mingw32/bin/../lib/gcc/nios2-elf/5.3.0/../../../../../H-x86_64-mingw32/nios2-elf/lib/mno-hw-mul\libc.a(lib_a-memcmp.o)
                0x000000000002205c                memcmp
 .text          0x00000000000220d8        0x0 c:/intelfpga_lite/18.1/nios2eds/bin/gnu/h-x86_64-mingw32/bin/../lib/gcc/nios2-elf/5.3.0/../../../../../H-x86_64-mingw32/nios2-elf/lib/mno-hw-mul\libc.a(lib_a-memcpy.o)
 .text.memcpy   0x00000000000220d8      0x148 c:/intelfpga_lite/18.1/nios2eds/bin/gnu/h-x86_64-mingw32/bin/../lib/gcc/nios2-elf/5.3.0/../../../../../H-x86_64-mingw32/nios2-elf/lib/mno-hw-mul\libc.a(lib_a-memcpy.o)
                0x00000000000220d8                memcpy
 .text          0x0000000000022220        0x0 c:/intelfpga_lite/18.1/nios2eds/bin/gnu/h-x86_64-mingw32/bin/../lib/gcc/nios2-elf/5.3.0/../../../../../H-x86_64-mingw32/nios2-elf/lib/mno-hw-mul\libc.a(lib_a-strlen.o)
 .text.strlen   0x0000000000022220       0x98 c:/intelfpga_lite/18.1/nios2eds/bin/gnu/h-x86_64-mingw32/bin/../lib/gcc/nios2-elf/5.3.0/../../../../../H-x86_64-mingw32/nios2-elf/lib/mno-hw-mul\libc.a(lib_a-strlen.o)
                0x0000000000022220                strlen
 .text          0x00000000000222b8        0x0 c:/intelfpga_lite/18.1/nios2eds/bin/gnu/h-x86_64-mingw32/bin/../lib/gcc/nios2-elf/5.3.0/../../../../../H-x86_64-mingw32/nios2-elf/lib/mno-hw-mul\libc.a(lib_a-__atexit.o)
 .text.__register_exitproc
                0x00000000000222b8      0x118 c:/intelfpga_lite/18.1/nios2eds/bin/gnu/h-x86_64-mingw32/bin/../lib/gcc/nios2-elf/5.3.0/../../../../../H-x86_64-mingw32/nios2-elf/lib/mno-hw-mul\libc.a(lib_a-__atexit.o)
                0x00000000000222b8                __register_exitproc
 .text          0x00000000000223d0        0x0 c:/intelfpga_lite/18.1/nios2eds/bin/gnu/h-x86_64-mingw32/bin/../lib/gcc/nios2-elf/5.3.0/../../../../../H-x86_64-mingw32/nios2-elf/lib/mno-hw-mul\libc.a(lib_a-__call_atexit.o)
 .text.__call_exitprocs
                0x00000000000223d0      0x180 c:/intelfpga_lite/18.1/nios2eds/bin/gnu/h-x86_64-mingw32/bin/../lib/gcc/nios2-elf/5.3.0/../../../../../H-x86_64-mingw32/nios2-elf/lib/mno-hw-mul\libc.a(lib_a-__call_atexit.o)
                0x00000000000223d0                __call_exitprocs
 .text          0x0000000000022550       0x28 c:/intelfpga_lite/18.1/nios2eds/bin/gnu/h-x86_64-mingw32/bin/../lib/gcc/nios2-elf/5.3.0/mno-hw-mul\libgcc.a(lib2-mul.o)
                0x0000000000022550                __mulsi3
 .text          0x0000000000022578       0x34 ../aribtration_part1_software_bsp/\libhal_bsp.a(alt_exit.o)
                0x0000000000022578                _exit
 *(.gnu.warning.*)
 *(.fini)
                [!provide]                        PROVIDE (__etext, ABSOLUTE (.))
                [!provide]                        PROVIDE (_etext, ABSOLUTE (.))
                [!provide]                        PROVIDE (etext, ABSOLUTE (.))
 *(.eh_frame_hdr)
                0x00000000000225ac                . = ALIGN (0x4)
                [!provide]                        PROVIDE (__preinit_array_start, ABSOLUTE (.))
 *(.preinit_array)
                [!provide]                        PROVIDE (__preinit_array_end, ABSOLUTE (.))
                [!provide]                        PROVIDE (__init_array_start, ABSOLUTE (.))
 *(.init_array)
                [!provide]                        PROVIDE (__init_array_end, ABSOLUTE (.))
                [!provide]                        PROVIDE (__fini_array_start, ABSOLUTE (.))
 *(.fini_array)
                [!provide]                        PROVIDE (__fini_array_end, ABSOLUTE (.))
 *(.eh_frame)
 *(.gcc_except_table .gcc_except_table.*)
 *(.dynamic)
                0x00000000000225ac                PROVIDE (__CTOR_LIST__, ABSOLUTE (.))
 *(.ctors)
 *(SORT(.ctors.*))
                0x00000000000225ac                PROVIDE (__CTOR_END__, ABSOLUTE (.))
                0x00000000000225ac                PROVIDE (__DTOR_LIST__, ABSOLUTE (.))
 *(.dtors)
 *(SORT(.dtors.*))
                0x00000000000225ac                PROVIDE (__DTOR_END__, ABSOLUTE (.))
 *(.jcr)
                0x00000000000225ac                . = ALIGN (0x4)

.rodata         0x00000000000225ac       0x38
                0x00000000000225ac                PROVIDE (__ram_rodata_start, ABSOLUTE (.))
                0x00000000000225ac                . = ALIGN (0x4)
 *(.rodata .rodata.* .gnu.linkonce.r.*)
 .rodata        0x00000000000225ac       0x11 ../aribtration_part1_software_bsp/\libhal_bsp.a(alt_main.o)
 *fill*         0x00000000000225bd        0x3 
 .rodata        0x00000000000225c0       0x11 ../aribtration_part1_software_bsp/\libhal_bsp.a(alt_sys_init.o)
 *fill*         0x00000000000225d1        0x3 
 .rodata        0x00000000000225d4        0xa ../aribtration_part1_software_bsp/\libhal_bsp.a(alt_dev.o)
 *fill*         0x00000000000225de        0x2 
 .rodata.str1.4
                0x00000000000225e0        0x4 c:/intelfpga_lite/18.1/nios2eds/bin/gnu/h-x86_64-mingw32/bin/../lib/gcc/nios2-elf/5.3.0/../../../../../H-x86_64-mingw32/nios2-elf/lib/mno-hw-mul\libc.a(lib_a-impure.o)
                                          0x2 (size before relaxing)
 *(.rodata1)
                0x00000000000225e4                . = ALIGN (0x4)
                0x00000000000225e4                PROVIDE (__ram_rodata_end, ABSOLUTE (.))
                0x00000000000225ac                PROVIDE (__flash_rodata_start, LOADADDR (.rodata))

.rwdata         0x00000000000225e4     0x1660 load address 0x0000000000023c44
                0x00000000000225e4                PROVIDE (__ram_rwdata_start, ABSOLUTE (.))
                0x00000000000225e4                . = ALIGN (0x4)
 *(.got.plt)
 *(.got)
 *(.data1)
 *(.data .data.* .gnu.linkonce.d.*)
 .data          0x00000000000225e4        0x0 ../aribtration_part1_software_bsp//obj/HAL/src/crt0.o
 .data          0x00000000000225e4        0x0 obj/default/Arbitration_part1.o
 .data          0x00000000000225e4        0x0 ../aribtration_part1_software_bsp/\libhal_bsp.a(alt_load.o)
 .data          0x00000000000225e4        0x0 ../aribtration_part1_software_bsp/\libhal_bsp.a(alt_main.o)
 .data          0x00000000000225e4     0x1060 ../aribtration_part1_software_bsp/\libhal_bsp.a(alt_sys_init.o)
 .data          0x0000000000023644        0x0 ../aribtration_part1_software_bsp/\libhal_bsp.a(altera_avalon_jtag_uart_fd.o)
 .data          0x0000000000023644        0x0 ../aribtration_part1_software_bsp/\libhal_bsp.a(altera_avalon_jtag_uart_init.o)
 .data          0x0000000000023644        0x0 ../aribtration_part1_software_bsp/\libhal_bsp.a(altera_avalon_jtag_uart_ioctl.o)
 .data          0x0000000000023644        0x0 ../aribtration_part1_software_bsp/\libhal_bsp.a(altera_avalon_jtag_uart_read.o)
 .data          0x0000000000023644        0x0 ../aribtration_part1_software_bsp/\libhal_bsp.a(altera_avalon_jtag_uart_write.o)
 .data          0x0000000000023644        0x0 ../aribtration_part1_software_bsp/\libhal_bsp.a(alt_alarm_start.o)
 .data          0x0000000000023644        0x0 ../aribtration_part1_software_bsp/\libhal_bsp.a(alt_close.o)
 .data          0x0000000000023644        0x0 ../aribtration_part1_software_bsp/\libhal_bsp.a(alt_dcache_flush_all.o)
 .data          0x0000000000023644      0x1a8 ../aribtration_part1_software_bsp/\libhal_bsp.a(alt_dev.o)
                0x0000000000023644                alt_dev_null
                0x000000000002366c                alt_fd_list
 .data          0x00000000000237ec        0x0 ../aribtration_part1_software_bsp/\libhal_bsp.a(alt_dev_llist_insert.o)
 .data          0x00000000000237ec        0x0 ../aribtration_part1_software_bsp/\libhal_bsp.a(alt_do_ctors.o)
 .data          0x00000000000237ec        0x0 ../aribtration_part1_software_bsp/\libhal_bsp.a(alt_do_dtors.o)
 .data          0x00000000000237ec        0x0 ../aribtration_part1_software_bsp/\libhal_bsp.a(alt_errno.o)
 .data          0x00000000000237ec        0x0 ../aribtration_part1_software_bsp/\libhal_bsp.a(alt_icache_flush_all.o)
 .data          0x00000000000237ec        0x0 ../aribtration_part1_software_bsp/\libhal_bsp.a(alt_iic.o)
 .data          0x00000000000237ec        0x0 ../aribtration_part1_software_bsp/\libhal_bsp.a(alt_iic_isr_register.o)
 .data          0x00000000000237ec        0x0 ../aribtration_part1_software_bsp/\libhal_bsp.a(alt_io_redirect.o)
 .data          0x00000000000237ec        0x0 ../aribtration_part1_software_bsp/\libhal_bsp.a(alt_irq_entry.o)
 .data          0x00000000000237ec        0x0 ../aribtration_part1_software_bsp/\libhal_bsp.a(alt_irq_handler.o)
 .data          0x00000000000237ec        0x0 ../aribtration_part1_software_bsp/\libhal_bsp.a(alt_irq_vars.o)
 .data          0x00000000000237ec        0x0 ../aribtration_part1_software_bsp/\libhal_bsp.a(alt_open.o)
 .data          0x00000000000237ec        0x0 ../aribtration_part1_software_bsp/\libhal_bsp.a(alt_release_fd.o)
 .data          0x00000000000237ec        0x0 ../aribtration_part1_software_bsp/\libhal_bsp.a(alt_tick.o)
 .data          0x00000000000237ec        0x0 ../aribtration_part1_software_bsp/\libhal_bsp.a(altera_nios2_gen2_irq.o)
 .data          0x00000000000237ec        0x0 ../aribtration_part1_software_bsp/\libhal_bsp.a(alt_exception_entry.o)
 .data          0x00000000000237ec        0x0 ../aribtration_part1_software_bsp/\libhal_bsp.a(alt_find_dev.o)
 .data          0x00000000000237ec        0x0 ../aribtration_part1_software_bsp/\libhal_bsp.a(alt_find_file.o)
 .data          0x00000000000237ec        0x0 ../aribtration_part1_software_bsp/\libhal_bsp.a(alt_get_fd.o)
 .data          0x00000000000237ec        0x0 ../aribtration_part1_software_bsp/\libhal_bsp.a(alt_instruction_exception_entry.o)
 .data          0x00000000000237ec        0x0 c:/intelfpga_lite/18.1/nios2eds/bin/gnu/h-x86_64-mingw32/bin/../lib/gcc/nios2-elf/5.3.0/../../../../../H-x86_64-mingw32/nios2-elf/lib/mno-hw-mul\libc.a(lib_a-atexit.o)
 .data          0x00000000000237ec        0x0 c:/intelfpga_lite/18.1/nios2eds/bin/gnu/h-x86_64-mingw32/bin/../lib/gcc/nios2-elf/5.3.0/../../../../../H-x86_64-mingw32/nios2-elf/lib/mno-hw-mul\libc.a(lib_a-exit.o)
 .data          0x00000000000237ec        0x0 c:/intelfpga_lite/18.1/nios2eds/bin/gnu/h-x86_64-mingw32/bin/../lib/gcc/nios2-elf/5.3.0/../../../../../H-x86_64-mingw32/nios2-elf/lib/mno-hw-mul\libc.a(lib_a-impure.o)
 .data.impure_data
                0x00000000000237ec      0x424 c:/intelfpga_lite/18.1/nios2eds/bin/gnu/h-x86_64-mingw32/bin/../lib/gcc/nios2-elf/5.3.0/../../../../../H-x86_64-mingw32/nios2-elf/lib/mno-hw-mul\libc.a(lib_a-impure.o)
 .data          0x0000000000023c10        0x0 c:/intelfpga_lite/18.1/nios2eds/bin/gnu/h-x86_64-mingw32/bin/../lib/gcc/nios2-elf/5.3.0/../../../../../H-x86_64-mingw32/nios2-elf/lib/mno-hw-mul\libc.a(lib_a-int_errno.o)
 .data          0x0000000000023c10        0x0 c:/intelfpga_lite/18.1/nios2eds/bin/gnu/h-x86_64-mingw32/bin/../lib/gcc/nios2-elf/5.3.0/../../../../../H-x86_64-mingw32/nios2-elf/lib/mno-hw-mul\libc.a(lib_a-memcmp.o)
 .data          0x0000000000023c10        0x0 c:/intelfpga_lite/18.1/nios2eds/bin/gnu/h-x86_64-mingw32/bin/../lib/gcc/nios2-elf/5.3.0/../../../../../H-x86_64-mingw32/nios2-elf/lib/mno-hw-mul\libc.a(lib_a-memcpy.o)
 .data          0x0000000000023c10        0x0 c:/intelfpga_lite/18.1/nios2eds/bin/gnu/h-x86_64-mingw32/bin/../lib/gcc/nios2-elf/5.3.0/../../../../../H-x86_64-mingw32/nios2-elf/lib/mno-hw-mul\libc.a(lib_a-strlen.o)
 .data          0x0000000000023c10        0x0 c:/intelfpga_lite/18.1/nios2eds/bin/gnu/h-x86_64-mingw32/bin/../lib/gcc/nios2-elf/5.3.0/../../../../../H-x86_64-mingw32/nios2-elf/lib/mno-hw-mul\libc.a(lib_a-__atexit.o)
 .data          0x0000000000023c10        0x0 c:/intelfpga_lite/18.1/nios2eds/bin/gnu/h-x86_64-mingw32/bin/../lib/gcc/nios2-elf/5.3.0/../../../../../H-x86_64-mingw32/nios2-elf/lib/mno-hw-mul\libc.a(lib_a-__call_atexit.o)
 .data          0x0000000000023c10        0x0 c:/intelfpga_lite/18.1/nios2eds/bin/gnu/h-x86_64-mingw32/bin/../lib/gcc/nios2-elf/5.3.0/mno-hw-mul\libgcc.a(lib2-mul.o)
 .data          0x0000000000023c10        0x0 ../aribtration_part1_software_bsp/\libhal_bsp.a(alt_exit.o)
                0x000000000002bc10                _gp = ABSOLUTE ((. + 0x8000))
                [!provide]                        PROVIDE (gp, _gp)
 *(.rwdata .rwdata.*)
 *(.sdata .sdata.* .gnu.linkonce.s.*)
 .sdata         0x0000000000023c10        0x8 obj/default/Arbitration_part1.o
                0x0000000000023c10                JtagUartPtr
                0x0000000000023c14                LEDPtr
 .sdata         0x0000000000023c18       0x14 ../aribtration_part1_software_bsp/\libhal_bsp.a(alt_dev.o)
                0x0000000000023c18                alt_fs_list
                0x0000000000023c20                alt_dev_list
                0x0000000000023c28                alt_max_fd
 .sdata         0x0000000000023c2c        0x4 ../aribtration_part1_software_bsp/\libhal_bsp.a(alt_errno.o)
                0x0000000000023c2c                alt_errno
 .sdata         0x0000000000023c30        0x4 ../aribtration_part1_software_bsp/\libhal_bsp.a(alt_irq_vars.o)
                0x0000000000023c30                alt_priority_mask
 .sdata         0x0000000000023c34        0x8 ../aribtration_part1_software_bsp/\libhal_bsp.a(alt_tick.o)
                0x0000000000023c34                alt_alarm_list
 .sdata._global_impure_ptr
                0x0000000000023c3c        0x4 c:/intelfpga_lite/18.1/nios2eds/bin/gnu/h-x86_64-mingw32/bin/../lib/gcc/nios2-elf/5.3.0/../../../../../H-x86_64-mingw32/nios2-elf/lib/mno-hw-mul\libc.a(lib_a-impure.o)
                0x0000000000023c3c                _global_impure_ptr
 .sdata._impure_ptr
                0x0000000000023c40        0x4 c:/intelfpga_lite/18.1/nios2eds/bin/gnu/h-x86_64-mingw32/bin/../lib/gcc/nios2-elf/5.3.0/../../../../../H-x86_64-mingw32/nios2-elf/lib/mno-hw-mul\libc.a(lib_a-impure.o)
                0x0000000000023c40                _impure_ptr
 *(.sdata2 .sdata2.* .gnu.linkonce.s2.*)
                0x0000000000023c44                . = ALIGN (0x4)
                0x0000000000023c44                _edata = ABSOLUTE (.)
                [!provide]                        PROVIDE (edata, ABSOLUTE (.))
                0x0000000000023c44                PROVIDE (__ram_rwdata_end, ABSOLUTE (.))
                0x0000000000023c44                PROVIDE (__flash_rwdata_start, LOADADDR (.rwdata))

.bss            0x00000000000252a4      0x124
                0x00000000000252a4                __bss_start = ABSOLUTE (.)
                [!provide]                        PROVIDE (__sbss_start, ABSOLUTE (.))
                [!provide]                        PROVIDE (___sbss_start, ABSOLUTE (.))
 *(.dynsbss)
 *(.sbss .sbss.* .gnu.linkonce.sb.*)
 .sbss          0x00000000000252a4        0x4 obj/default/Arbitration_part1.o
                0x00000000000252a4                BridgePtr
 .sbss          0x00000000000252a8        0xc ../aribtration_part1_software_bsp/\libhal_bsp.a(alt_main.o)
                0x00000000000252a8                alt_argc
                0x00000000000252ac                alt_argv
                0x00000000000252b0                alt_envp
 .sbss          0x00000000000252b4        0x4 ../aribtration_part1_software_bsp/\libhal_bsp.a(alt_irq_vars.o)
                0x00000000000252b4                alt_irq_active
 .sbss          0x00000000000252b8        0x8 ../aribtration_part1_software_bsp/\libhal_bsp.a(alt_tick.o)
                0x00000000000252b8                _alt_tick_rate
                0x00000000000252bc                _alt_nticks
 .sbss          0x00000000000252c0        0x4 ../aribtration_part1_software_bsp/\libhal_bsp.a(alt_instruction_exception_entry.o)
                0x00000000000252c0                alt_instruction_exception_handler
 .sbss          0x00000000000252c4        0x4 c:/intelfpga_lite/18.1/nios2eds/bin/gnu/h-x86_64-mingw32/bin/../lib/gcc/nios2-elf/5.3.0/../../../../../H-x86_64-mingw32/nios2-elf/lib/mno-hw-mul\libc.a(lib_a-int_errno.o)
                0x00000000000252c4                errno
 *(.sbss2 .sbss2.* .gnu.linkonce.sb2.*)
 *(.scommon)
                [!provide]                        PROVIDE (__sbss_end, ABSOLUTE (.))
                [!provide]                        PROVIDE (___sbss_end, ABSOLUTE (.))
 *(.dynbss)
 *(.bss .bss.* .gnu.linkonce.b.*)
 .bss           0x00000000000252c8        0x0 ../aribtration_part1_software_bsp//obj/HAL/src/crt0.o
 .bss           0x00000000000252c8        0x0 obj/default/Arbitration_part1.o
 .bss           0x00000000000252c8        0x0 ../aribtration_part1_software_bsp/\libhal_bsp.a(alt_load.o)
 .bss           0x00000000000252c8        0x0 ../aribtration_part1_software_bsp/\libhal_bsp.a(alt_main.o)
 .bss           0x00000000000252c8        0x0 ../aribtration_part1_software_bsp/\libhal_bsp.a(alt_sys_init.o)
 .bss           0x00000000000252c8        0x0 ../aribtration_part1_software_bsp/\libhal_bsp.a(altera_avalon_jtag_uart_fd.o)
 .bss           0x00000000000252c8        0x0 ../aribtration_part1_software_bsp/\libhal_bsp.a(altera_avalon_jtag_uart_init.o)
 .bss           0x00000000000252c8        0x0 ../aribtration_part1_software_bsp/\libhal_bsp.a(altera_avalon_jtag_uart_ioctl.o)
 .bss           0x00000000000252c8        0x0 ../aribtration_part1_software_bsp/\libhal_bsp.a(altera_avalon_jtag_uart_read.o)
 .bss           0x00000000000252c8        0x0 ../aribtration_part1_software_bsp/\libhal_bsp.a(altera_avalon_jtag_uart_write.o)
 .bss           0x00000000000252c8        0x0 ../aribtration_part1_software_bsp/\libhal_bsp.a(alt_alarm_start.o)
 .bss           0x00000000000252c8        0x0 ../aribtration_part1_software_bsp/\libhal_bsp.a(alt_close.o)
 .bss           0x00000000000252c8        0x0 ../aribtration_part1_software_bsp/\libhal_bsp.a(alt_dcache_flush_all.o)
 .bss           0x00000000000252c8        0x0 ../aribtration_part1_software_bsp/\libhal_bsp.a(alt_dev.o)
 .bss           0x00000000000252c8        0x0 ../aribtration_part1_software_bsp/\libhal_bsp.a(alt_dev_llist_insert.o)
 .bss           0x00000000000252c8        0x0 ../aribtration_part1_software_bsp/\libhal_bsp.a(alt_do_ctors.o)
 .bss           0x00000000000252c8        0x0 ../aribtration_part1_software_bsp/\libhal_bsp.a(alt_do_dtors.o)
 .bss           0x00000000000252c8        0x0 ../aribtration_part1_software_bsp/\libhal_bsp.a(alt_errno.o)
 .bss           0x00000000000252c8        0x0 ../aribtration_part1_software_bsp/\libhal_bsp.a(alt_icache_flush_all.o)
 .bss           0x00000000000252c8        0x0 ../aribtration_part1_software_bsp/\libhal_bsp.a(alt_iic.o)
 .bss           0x00000000000252c8        0x0 ../aribtration_part1_software_bsp/\libhal_bsp.a(alt_iic_isr_register.o)
 .bss           0x00000000000252c8        0x0 ../aribtration_part1_software_bsp/\libhal_bsp.a(alt_io_redirect.o)
 .bss           0x00000000000252c8        0x0 ../aribtration_part1_software_bsp/\libhal_bsp.a(alt_irq_entry.o)
 .bss           0x00000000000252c8        0x0 ../aribtration_part1_software_bsp/\libhal_bsp.a(alt_irq_handler.o)
 .bss           0x00000000000252c8        0x0 ../aribtration_part1_software_bsp/\libhal_bsp.a(alt_irq_vars.o)
 .bss           0x00000000000252c8        0x0 ../aribtration_part1_software_bsp/\libhal_bsp.a(alt_open.o)
 .bss           0x00000000000252c8        0x0 ../aribtration_part1_software_bsp/\libhal_bsp.a(alt_release_fd.o)
 .bss           0x00000000000252c8        0x0 ../aribtration_part1_software_bsp/\libhal_bsp.a(alt_tick.o)
 .bss           0x00000000000252c8        0x0 ../aribtration_part1_software_bsp/\libhal_bsp.a(altera_nios2_gen2_irq.o)
 .bss           0x00000000000252c8        0x0 ../aribtration_part1_software_bsp/\libhal_bsp.a(alt_exception_entry.o)
 .bss           0x00000000000252c8        0x0 ../aribtration_part1_software_bsp/\libhal_bsp.a(alt_find_dev.o)
 .bss           0x00000000000252c8        0x0 ../aribtration_part1_software_bsp/\libhal_bsp.a(alt_find_file.o)
 .bss           0x00000000000252c8        0x0 ../aribtration_part1_software_bsp/\libhal_bsp.a(alt_get_fd.o)
 .bss           0x00000000000252c8        0x0 ../aribtration_part1_software_bsp/\libhal_bsp.a(alt_instruction_exception_entry.o)
 .bss           0x00000000000252c8        0x0 c:/intelfpga_lite/18.1/nios2eds/bin/gnu/h-x86_64-mingw32/bin/../lib/gcc/nios2-elf/5.3.0/../../../../../H-x86_64-mingw32/nios2-elf/lib/mno-hw-mul\libc.a(lib_a-atexit.o)
 .bss           0x00000000000252c8        0x0 c:/intelfpga_lite/18.1/nios2eds/bin/gnu/h-x86_64-mingw32/bin/../lib/gcc/nios2-elf/5.3.0/../../../../../H-x86_64-mingw32/nios2-elf/lib/mno-hw-mul\libc.a(lib_a-exit.o)
 .bss           0x00000000000252c8        0x0 c:/intelfpga_lite/18.1/nios2eds/bin/gnu/h-x86_64-mingw32/bin/../lib/gcc/nios2-elf/5.3.0/../../../../../H-x86_64-mingw32/nios2-elf/lib/mno-hw-mul\libc.a(lib_a-impure.o)
 .bss           0x00000000000252c8        0x0 c:/intelfpga_lite/18.1/nios2eds/bin/gnu/h-x86_64-mingw32/bin/../lib/gcc/nios2-elf/5.3.0/../../../../../H-x86_64-mingw32/nios2-elf/lib/mno-hw-mul\libc.a(lib_a-int_errno.o)
 .bss           0x00000000000252c8        0x0 c:/intelfpga_lite/18.1/nios2eds/bin/gnu/h-x86_64-mingw32/bin/../lib/gcc/nios2-elf/5.3.0/../../../../../H-x86_64-mingw32/nios2-elf/lib/mno-hw-mul\libc.a(lib_a-memcmp.o)
 .bss           0x00000000000252c8        0x0 c:/intelfpga_lite/18.1/nios2eds/bin/gnu/h-x86_64-mingw32/bin/../lib/gcc/nios2-elf/5.3.0/../../../../../H-x86_64-mingw32/nios2-elf/lib/mno-hw-mul\libc.a(lib_a-memcpy.o)
 .bss           0x00000000000252c8        0x0 c:/intelfpga_lite/18.1/nios2eds/bin/gnu/h-x86_64-mingw32/bin/../lib/gcc/nios2-elf/5.3.0/../../../../../H-x86_64-mingw32/nios2-elf/lib/mno-hw-mul\libc.a(lib_a-strlen.o)
 .bss           0x00000000000252c8        0x0 c:/intelfpga_lite/18.1/nios2eds/bin/gnu/h-x86_64-mingw32/bin/../lib/gcc/nios2-elf/5.3.0/../../../../../H-x86_64-mingw32/nios2-elf/lib/mno-hw-mul\libc.a(lib_a-__atexit.o)
 .bss           0x00000000000252c8        0x0 c:/intelfpga_lite/18.1/nios2eds/bin/gnu/h-x86_64-mingw32/bin/../lib/gcc/nios2-elf/5.3.0/../../../../../H-x86_64-mingw32/nios2-elf/lib/mno-hw-mul\libc.a(lib_a-__call_atexit.o)
 .bss           0x00000000000252c8        0x0 c:/intelfpga_lite/18.1/nios2eds/bin/gnu/h-x86_64-mingw32/bin/../lib/gcc/nios2-elf/5.3.0/mno-hw-mul\libgcc.a(lib2-mul.o)
 .bss           0x00000000000252c8        0x0 ../aribtration_part1_software_bsp/\libhal_bsp.a(alt_exit.o)
 *(COMMON)
 COMMON         0x00000000000252c8      0x100 ../aribtration_part1_software_bsp/\libhal_bsp.a(alt_irq_handler.o)
                0x00000000000252c8                alt_irq
                0x00000000000253c8                . = ALIGN (0x4)
                0x00000000000253c8                __bss_end = ABSOLUTE (.)

.onchip_memory2_1
                0x00000000000253c8        0x0
                [!provide]                        PROVIDE (_alt_partition_onchip_memory2_1_start, ABSOLUTE (.))
 *(.onchip_memory2_1 .onchip_memory2_1. onchip_memory2_1.*)
                0x00000000000253c8                . = ALIGN (0x4)
                [!provide]                        PROVIDE (_alt_partition_onchip_memory2_1_end, ABSOLUTE (.))
                0x00000000000253c8                _end = ABSOLUTE (.)
                0x00000000000253c8                end = ABSOLUTE (.)
                0x00000000000253c8                __alt_stack_base = ABSOLUTE (.)
                [!provide]                        PROVIDE (_alt_partition_onchip_memory2_1_load_addr, LOADADDR (.onchip_memory2_1))

.stab
 *(.stab)

.stabstr
 *(.stabstr)

.stab.excl
 *(.stab.excl)

.stab.exclstr
 *(.stab.exclstr)

.stab.index
 *(.stab.index)

.stab.indexstr
 *(.stab.indexstr)

.comment        0x0000000000000000       0x23
 *(.comment)
 .comment       0x0000000000000000       0x23 obj/default/Arbitration_part1.o
                                         0x24 (size before relaxing)
 .comment       0x0000000000000023       0x24 ../aribtration_part1_software_bsp/\libhal_bsp.a(alt_load.o)
 .comment       0x0000000000000023       0x24 ../aribtration_part1_software_bsp/\libhal_bsp.a(alt_main.o)
 .comment       0x0000000000000023       0x24 ../aribtration_part1_software_bsp/\libhal_bsp.a(alt_sys_init.o)
 .comment       0x0000000000000023       0x24 ../aribtration_part1_software_bsp/\libhal_bsp.a(altera_avalon_jtag_uart_fd.o)
 .comment       0x0000000000000023       0x24 ../aribtration_part1_software_bsp/\libhal_bsp.a(altera_avalon_jtag_uart_init.o)
 .comment       0x0000000000000023       0x24 ../aribtration_part1_software_bsp/\libhal_bsp.a(altera_avalon_jtag_uart_ioctl.o)
 .comment       0x0000000000000023       0x24 ../aribtration_part1_software_bsp/\libhal_bsp.a(altera_avalon_jtag_uart_read.o)
 .comment       0x0000000000000023       0x24 ../aribtration_part1_software_bsp/\libhal_bsp.a(altera_avalon_jtag_uart_write.o)
 .comment       0x0000000000000023       0x24 ../aribtration_part1_software_bsp/\libhal_bsp.a(alt_alarm_start.o)
 .comment       0x0000000000000023       0x24 ../aribtration_part1_software_bsp/\libhal_bsp.a(alt_close.o)
 .comment       0x0000000000000023       0x24 ../aribtration_part1_software_bsp/\libhal_bsp.a(alt_dcache_flush_all.o)
 .comment       0x0000000000000023       0x24 ../aribtration_part1_software_bsp/\libhal_bsp.a(alt_dev.o)
 .comment       0x0000000000000023       0x24 ../aribtration_part1_software_bsp/\libhal_bsp.a(alt_dev_llist_insert.o)
 .comment       0x0000000000000023       0x24 ../aribtration_part1_software_bsp/\libhal_bsp.a(alt_do_ctors.o)
 .comment       0x0000000000000023       0x24 ../aribtration_part1_software_bsp/\libhal_bsp.a(alt_do_dtors.o)
 .comment       0x0000000000000023       0x24 ../aribtration_part1_software_bsp/\libhal_bsp.a(alt_errno.o)
 .comment       0x0000000000000023       0x24 ../aribtration_part1_software_bsp/\libhal_bsp.a(alt_icache_flush_all.o)
 .comment       0x0000000000000023       0x24 ../aribtration_part1_software_bsp/\libhal_bsp.a(alt_iic.o)
 .comment       0x0000000000000023       0x24 ../aribtration_part1_software_bsp/\libhal_bsp.a(alt_iic_isr_register.o)
 .comment       0x0000000000000023       0x24 ../aribtration_part1_software_bsp/\libhal_bsp.a(alt_io_redirect.o)
 .comment       0x0000000000000023       0x24 ../aribtration_part1_software_bsp/\libhal_bsp.a(alt_irq_handler.o)
 .comment       0x0000000000000023       0x24 ../aribtration_part1_software_bsp/\libhal_bsp.a(alt_irq_vars.o)
 .comment       0x0000000000000023       0x24 ../aribtration_part1_software_bsp/\libhal_bsp.a(alt_open.o)
 .comment       0x0000000000000023       0x24 ../aribtration_part1_software_bsp/\libhal_bsp.a(alt_release_fd.o)
 .comment       0x0000000000000023       0x24 ../aribtration_part1_software_bsp/\libhal_bsp.a(alt_tick.o)
 .comment       0x0000000000000023       0x24 ../aribtration_part1_software_bsp/\libhal_bsp.a(altera_nios2_gen2_irq.o)
 .comment       0x0000000000000023       0x24 ../aribtration_part1_software_bsp/\libhal_bsp.a(alt_find_dev.o)
 .comment       0x0000000000000023       0x24 ../aribtration_part1_software_bsp/\libhal_bsp.a(alt_find_file.o)
 .comment       0x0000000000000023       0x24 ../aribtration_part1_software_bsp/\libhal_bsp.a(alt_get_fd.o)
 .comment       0x0000000000000023       0x24 ../aribtration_part1_software_bsp/\libhal_bsp.a(alt_instruction_exception_entry.o)
 .comment       0x0000000000000023       0x24 c:/intelfpga_lite/18.1/nios2eds/bin/gnu/h-x86_64-mingw32/bin/../lib/gcc/nios2-elf/5.3.0/../../../../../H-x86_64-mingw32/nios2-elf/lib/mno-hw-mul\libc.a(lib_a-atexit.o)
 .comment       0x0000000000000023       0x24 c:/intelfpga_lite/18.1/nios2eds/bin/gnu/h-x86_64-mingw32/bin/../lib/gcc/nios2-elf/5.3.0/../../../../../H-x86_64-mingw32/nios2-elf/lib/mno-hw-mul\libc.a(lib_a-exit.o)
 .comment       0x0000000000000023       0x24 c:/intelfpga_lite/18.1/nios2eds/bin/gnu/h-x86_64-mingw32/bin/../lib/gcc/nios2-elf/5.3.0/../../../../../H-x86_64-mingw32/nios2-elf/lib/mno-hw-mul\libc.a(lib_a-impure.o)
 .comment       0x0000000000000023       0x24 c:/intelfpga_lite/18.1/nios2eds/bin/gnu/h-x86_64-mingw32/bin/../lib/gcc/nios2-elf/5.3.0/../../../../../H-x86_64-mingw32/nios2-elf/lib/mno-hw-mul\libc.a(lib_a-int_errno.o)
 .comment       0x0000000000000023       0x24 c:/intelfpga_lite/18.1/nios2eds/bin/gnu/h-x86_64-mingw32/bin/../lib/gcc/nios2-elf/5.3.0/../../../../../H-x86_64-mingw32/nios2-elf/lib/mno-hw-mul\libc.a(lib_a-memcmp.o)
 .comment       0x0000000000000023       0x24 c:/intelfpga_lite/18.1/nios2eds/bin/gnu/h-x86_64-mingw32/bin/../lib/gcc/nios2-elf/5.3.0/../../../../../H-x86_64-mingw32/nios2-elf/lib/mno-hw-mul\libc.a(lib_a-memcpy.o)
 .comment       0x0000000000000023       0x24 c:/intelfpga_lite/18.1/nios2eds/bin/gnu/h-x86_64-mingw32/bin/../lib/gcc/nios2-elf/5.3.0/../../../../../H-x86_64-mingw32/nios2-elf/lib/mno-hw-mul\libc.a(lib_a-strlen.o)
 .comment       0x0000000000000023       0x24 c:/intelfpga_lite/18.1/nios2eds/bin/gnu/h-x86_64-mingw32/bin/../lib/gcc/nios2-elf/5.3.0/../../../../../H-x86_64-mingw32/nios2-elf/lib/mno-hw-mul\libc.a(lib_a-__atexit.o)
 .comment       0x0000000000000023       0x24 c:/intelfpga_lite/18.1/nios2eds/bin/gnu/h-x86_64-mingw32/bin/../lib/gcc/nios2-elf/5.3.0/../../../../../H-x86_64-mingw32/nios2-elf/lib/mno-hw-mul\libc.a(lib_a-__call_atexit.o)
 .comment       0x0000000000000023       0x24 c:/intelfpga_lite/18.1/nios2eds/bin/gnu/h-x86_64-mingw32/bin/../lib/gcc/nios2-elf/5.3.0/mno-hw-mul\libgcc.a(lib2-mul.o)
 .comment       0x0000000000000023       0x24 ../aribtration_part1_software_bsp/\libhal_bsp.a(alt_exit.o)

.debug
 *(.debug)

.line
 *(.line)

.debug_srcinfo
 *(.debug_srcinfo)

.debug_sfnames
 *(.debug_sfnames)

.debug_aranges  0x0000000000000000      0x5b8
 *(.debug_aranges)
 .debug_aranges
                0x0000000000000000       0x28 ../aribtration_part1_software_bsp//obj/HAL/src/crt0.o
 .debug_aranges
                0x0000000000000028       0x20 obj/default/Arbitration_part1.o
 .debug_aranges
                0x0000000000000048       0x20 ../aribtration_part1_software_bsp/\libhal_bsp.a(alt_load.o)
 .debug_aranges
                0x0000000000000068       0x20 ../aribtration_part1_software_bsp/\libhal_bsp.a(alt_main.o)
 .debug_aranges
                0x0000000000000088       0x20 ../aribtration_part1_software_bsp/\libhal_bsp.a(alt_sys_init.o)
 .debug_aranges
                0x00000000000000a8       0x20 ../aribtration_part1_software_bsp/\libhal_bsp.a(altera_avalon_jtag_uart_fd.o)
 .debug_aranges
                0x00000000000000c8       0x20 ../aribtration_part1_software_bsp/\libhal_bsp.a(altera_avalon_jtag_uart_init.o)
 .debug_aranges
                0x00000000000000e8       0x20 ../aribtration_part1_software_bsp/\libhal_bsp.a(altera_avalon_jtag_uart_ioctl.o)
 .debug_aranges
                0x0000000000000108       0x20 ../aribtration_part1_software_bsp/\libhal_bsp.a(altera_avalon_jtag_uart_read.o)
 .debug_aranges
                0x0000000000000128       0x20 ../aribtration_part1_software_bsp/\libhal_bsp.a(altera_avalon_jtag_uart_write.o)
 .debug_aranges
                0x0000000000000148       0x20 ../aribtration_part1_software_bsp/\libhal_bsp.a(alt_alarm_start.o)
 .debug_aranges
                0x0000000000000168       0x20 ../aribtration_part1_software_bsp/\libhal_bsp.a(alt_close.o)
 .debug_aranges
                0x0000000000000188       0x20 ../aribtration_part1_software_bsp/\libhal_bsp.a(alt_dcache_flush_all.o)
 .debug_aranges
                0x00000000000001a8       0x20 ../aribtration_part1_software_bsp/\libhal_bsp.a(alt_dev.o)
 .debug_aranges
                0x00000000000001c8       0x20 ../aribtration_part1_software_bsp/\libhal_bsp.a(alt_dev_llist_insert.o)
 .debug_aranges
                0x00000000000001e8       0x20 ../aribtration_part1_software_bsp/\libhal_bsp.a(alt_do_ctors.o)
 .debug_aranges
                0x0000000000000208       0x20 ../aribtration_part1_software_bsp/\libhal_bsp.a(alt_do_dtors.o)
 .debug_aranges
                0x0000000000000228       0x18 ../aribtration_part1_software_bsp/\libhal_bsp.a(alt_errno.o)
 .debug_aranges
                0x0000000000000240       0x20 ../aribtration_part1_software_bsp/\libhal_bsp.a(alt_icache_flush_all.o)
 .debug_aranges
                0x0000000000000260       0x20 ../aribtration_part1_software_bsp/\libhal_bsp.a(alt_iic.o)
 .debug_aranges
                0x0000000000000280       0x20 ../aribtration_part1_software_bsp/\libhal_bsp.a(alt_iic_isr_register.o)
 .debug_aranges
                0x00000000000002a0       0x20 ../aribtration_part1_software_bsp/\libhal_bsp.a(alt_io_redirect.o)
 .debug_aranges
                0x00000000000002c0       0x30 ../aribtration_part1_software_bsp/\libhal_bsp.a(alt_irq_entry.o)
 .debug_aranges
                0x00000000000002f0       0x20 ../aribtration_part1_software_bsp/\libhal_bsp.a(alt_irq_handler.o)
 .debug_aranges
                0x0000000000000310       0x18 ../aribtration_part1_software_bsp/\libhal_bsp.a(alt_irq_vars.o)
 .debug_aranges
                0x0000000000000328       0x20 ../aribtration_part1_software_bsp/\libhal_bsp.a(alt_open.o)
 .debug_aranges
                0x0000000000000348       0x20 ../aribtration_part1_software_bsp/\libhal_bsp.a(alt_release_fd.o)
 .debug_aranges
                0x0000000000000368       0x20 ../aribtration_part1_software_bsp/\libhal_bsp.a(alt_tick.o)
 .debug_aranges
                0x0000000000000388       0x20 ../aribtration_part1_software_bsp/\libhal_bsp.a(altera_nios2_gen2_irq.o)
 .debug_aranges
                0x00000000000003a8       0x38 ../aribtration_part1_software_bsp/\libhal_bsp.a(alt_exception_entry.o)
 .debug_aranges
                0x00000000000003e0       0x20 ../aribtration_part1_software_bsp/\libhal_bsp.a(alt_find_dev.o)
 .debug_aranges
                0x0000000000000400       0x20 ../aribtration_part1_software_bsp/\libhal_bsp.a(alt_find_file.o)
 .debug_aranges
                0x0000000000000420       0x20 ../aribtration_part1_software_bsp/\libhal_bsp.a(alt_get_fd.o)
 .debug_aranges
                0x0000000000000440       0x28 ../aribtration_part1_software_bsp/\libhal_bsp.a(alt_instruction_exception_entry.o)
 .debug_aranges
                0x0000000000000468       0x20 c:/intelfpga_lite/18.1/nios2eds/bin/gnu/h-x86_64-mingw32/bin/../lib/gcc/nios2-elf/5.3.0/../../../../../H-x86_64-mingw32/nios2-elf/lib/mno-hw-mul\libc.a(lib_a-atexit.o)
 .debug_aranges
                0x0000000000000488       0x20 c:/intelfpga_lite/18.1/nios2eds/bin/gnu/h-x86_64-mingw32/bin/../lib/gcc/nios2-elf/5.3.0/../../../../../H-x86_64-mingw32/nios2-elf/lib/mno-hw-mul\libc.a(lib_a-exit.o)
 .debug_aranges
                0x00000000000004a8       0x18 c:/intelfpga_lite/18.1/nios2eds/bin/gnu/h-x86_64-mingw32/bin/../lib/gcc/nios2-elf/5.3.0/../../../../../H-x86_64-mingw32/nios2-elf/lib/mno-hw-mul\libc.a(lib_a-impure.o)
 .debug_aranges
                0x00000000000004c0       0x18 c:/intelfpga_lite/18.1/nios2eds/bin/gnu/h-x86_64-mingw32/bin/../lib/gcc/nios2-elf/5.3.0/../../../../../H-x86_64-mingw32/nios2-elf/lib/mno-hw-mul\libc.a(lib_a-int_errno.o)
 .debug_aranges
                0x00000000000004d8       0x20 c:/intelfpga_lite/18.1/nios2eds/bin/gnu/h-x86_64-mingw32/bin/../lib/gcc/nios2-elf/5.3.0/../../../../../H-x86_64-mingw32/nios2-elf/lib/mno-hw-mul\libc.a(lib_a-memcmp.o)
 .debug_aranges
                0x00000000000004f8       0x20 c:/intelfpga_lite/18.1/nios2eds/bin/gnu/h-x86_64-mingw32/bin/../lib/gcc/nios2-elf/5.3.0/../../../../../H-x86_64-mingw32/nios2-elf/lib/mno-hw-mul\libc.a(lib_a-memcpy.o)
 .debug_aranges
                0x0000000000000518       0x20 c:/intelfpga_lite/18.1/nios2eds/bin/gnu/h-x86_64-mingw32/bin/../lib/gcc/nios2-elf/5.3.0/../../../../../H-x86_64-mingw32/nios2-elf/lib/mno-hw-mul\libc.a(lib_a-strlen.o)
 .debug_aranges
                0x0000000000000538       0x20 c:/intelfpga_lite/18.1/nios2eds/bin/gnu/h-x86_64-mingw32/bin/../lib/gcc/nios2-elf/5.3.0/../../../../../H-x86_64-mingw32/nios2-elf/lib/mno-hw-mul\libc.a(lib_a-__atexit.o)
 .debug_aranges
                0x0000000000000558       0x20 c:/intelfpga_lite/18.1/nios2eds/bin/gnu/h-x86_64-mingw32/bin/../lib/gcc/nios2-elf/5.3.0/../../../../../H-x86_64-mingw32/nios2-elf/lib/mno-hw-mul\libc.a(lib_a-__call_atexit.o)
 .debug_aranges
                0x0000000000000578       0x20 c:/intelfpga_lite/18.1/nios2eds/bin/gnu/h-x86_64-mingw32/bin/../lib/gcc/nios2-elf/5.3.0/mno-hw-mul\libgcc.a(lib2-mul.o)
 .debug_aranges
                0x0000000000000598       0x20 ../aribtration_part1_software_bsp/\libhal_bsp.a(alt_exit.o)

.debug_pubnames
 *(.debug_pubnames)

.debug_info     0x0000000000000000     0x7643
 *(.debug_info .gnu.linkonce.wi.*)
 .debug_info    0x0000000000000000       0x9e ../aribtration_part1_software_bsp//obj/HAL/src/crt0.o
 .debug_info    0x000000000000009e      0x16e obj/default/Arbitration_part1.o
 .debug_info    0x000000000000020c      0x145 ../aribtration_part1_software_bsp/\libhal_bsp.a(alt_load.o)
 .debug_info    0x0000000000000351      0x131 ../aribtration_part1_software_bsp/\libhal_bsp.a(alt_main.o)
 .debug_info    0x0000000000000482      0x4c3 ../aribtration_part1_software_bsp/\libhal_bsp.a(alt_sys_init.o)
 .debug_info    0x0000000000000945      0x52e ../aribtration_part1_software_bsp/\libhal_bsp.a(altera_avalon_jtag_uart_fd.o)
 .debug_info    0x0000000000000e73      0x3a0 ../aribtration_part1_software_bsp/\libhal_bsp.a(altera_avalon_jtag_uart_init.o)
 .debug_info    0x0000000000001213      0x280 ../aribtration_part1_software_bsp/\libhal_bsp.a(altera_avalon_jtag_uart_ioctl.o)
 .debug_info    0x0000000000001493      0x345 ../aribtration_part1_software_bsp/\libhal_bsp.a(altera_avalon_jtag_uart_read.o)
 .debug_info    0x00000000000017d8      0x340 ../aribtration_part1_software_bsp/\libhal_bsp.a(altera_avalon_jtag_uart_write.o)
 .debug_info    0x0000000000001b18      0x2cc ../aribtration_part1_software_bsp/\libhal_bsp.a(alt_alarm_start.o)
 .debug_info    0x0000000000001de4      0x321 ../aribtration_part1_software_bsp/\libhal_bsp.a(alt_close.o)
 .debug_info    0x0000000000002105       0x92 ../aribtration_part1_software_bsp/\libhal_bsp.a(alt_dcache_flush_all.o)
 .debug_info    0x0000000000002197      0x49c ../aribtration_part1_software_bsp/\libhal_bsp.a(alt_dev.o)
 .debug_info    0x0000000000002633      0x1a9 ../aribtration_part1_software_bsp/\libhal_bsp.a(alt_dev_llist_insert.o)
 .debug_info    0x00000000000027dc       0x83 ../aribtration_part1_software_bsp/\libhal_bsp.a(alt_do_ctors.o)
 .debug_info    0x000000000000285f       0x83 ../aribtration_part1_software_bsp/\libhal_bsp.a(alt_do_dtors.o)
 .debug_info    0x00000000000028e2       0xa6 ../aribtration_part1_software_bsp/\libhal_bsp.a(alt_errno.o)
 .debug_info    0x0000000000002988       0x92 ../aribtration_part1_software_bsp/\libhal_bsp.a(alt_icache_flush_all.o)
 .debug_info    0x0000000000002a1a      0x350 ../aribtration_part1_software_bsp/\libhal_bsp.a(alt_iic.o)
 .debug_info    0x0000000000002d6a      0x1ef ../aribtration_part1_software_bsp/\libhal_bsp.a(alt_iic_isr_register.o)
 .debug_info    0x0000000000002f59      0x4a5 ../aribtration_part1_software_bsp/\libhal_bsp.a(alt_io_redirect.o)
 .debug_info    0x00000000000033fe       0xa7 ../aribtration_part1_software_bsp/\libhal_bsp.a(alt_irq_entry.o)
 .debug_info    0x00000000000034a5      0x187 ../aribtration_part1_software_bsp/\libhal_bsp.a(alt_irq_handler.o)
 .debug_info    0x000000000000362c       0x88 ../aribtration_part1_software_bsp/\libhal_bsp.a(alt_irq_vars.o)
 .debug_info    0x00000000000036b4      0x3bb ../aribtration_part1_software_bsp/\libhal_bsp.a(alt_open.o)
 .debug_info    0x0000000000003a6f      0x2b0 ../aribtration_part1_software_bsp/\libhal_bsp.a(alt_release_fd.o)
 .debug_info    0x0000000000003d1f      0x299 ../aribtration_part1_software_bsp/\libhal_bsp.a(alt_tick.o)
 .debug_info    0x0000000000003fb8       0x92 ../aribtration_part1_software_bsp/\libhal_bsp.a(altera_nios2_gen2_irq.o)
 .debug_info    0x000000000000404a       0xad ../aribtration_part1_software_bsp/\libhal_bsp.a(alt_exception_entry.o)
 .debug_info    0x00000000000040f7      0x2e9 ../aribtration_part1_software_bsp/\libhal_bsp.a(alt_find_dev.o)
 .debug_info    0x00000000000043e0      0x2e6 ../aribtration_part1_software_bsp/\libhal_bsp.a(alt_find_file.o)
 .debug_info    0x00000000000046c6      0x310 ../aribtration_part1_software_bsp/\libhal_bsp.a(alt_get_fd.o)
 .debug_info    0x00000000000049d6      0x1e7 ../aribtration_part1_software_bsp/\libhal_bsp.a(alt_instruction_exception_entry.o)
 .debug_info    0x0000000000004bbd       0xfe c:/intelfpga_lite/18.1/nios2eds/bin/gnu/h-x86_64-mingw32/bin/../lib/gcc/nios2-elf/5.3.0/../../../../../H-x86_64-mingw32/nios2-elf/lib/mno-hw-mul\libc.a(lib_a-atexit.o)
 .debug_info    0x0000000000004cbb      0x8e4 c:/intelfpga_lite/18.1/nios2eds/bin/gnu/h-x86_64-mingw32/bin/../lib/gcc/nios2-elf/5.3.0/../../../../../H-x86_64-mingw32/nios2-elf/lib/mno-hw-mul\libc.a(lib_a-exit.o)
 .debug_info    0x000000000000559f      0x8a1 c:/intelfpga_lite/18.1/nios2eds/bin/gnu/h-x86_64-mingw32/bin/../lib/gcc/nios2-elf/5.3.0/../../../../../H-x86_64-mingw32/nios2-elf/lib/mno-hw-mul\libc.a(lib_a-impure.o)
 .debug_info    0x0000000000005e40       0x8a c:/intelfpga_lite/18.1/nios2eds/bin/gnu/h-x86_64-mingw32/bin/../lib/gcc/nios2-elf/5.3.0/../../../../../H-x86_64-mingw32/nios2-elf/lib/mno-hw-mul\libc.a(lib_a-int_errno.o)
 .debug_info    0x0000000000005eca      0x11a c:/intelfpga_lite/18.1/nios2eds/bin/gnu/h-x86_64-mingw32/bin/../lib/gcc/nios2-elf/5.3.0/../../../../../H-x86_64-mingw32/nios2-elf/lib/mno-hw-mul\libc.a(lib_a-memcmp.o)
 .debug_info    0x0000000000005fe4      0x144 c:/intelfpga_lite/18.1/nios2eds/bin/gnu/h-x86_64-mingw32/bin/../lib/gcc/nios2-elf/5.3.0/../../../../../H-x86_64-mingw32/nios2-elf/lib/mno-hw-mul\libc.a(lib_a-memcpy.o)
 .debug_info    0x0000000000006128       0xe2 c:/intelfpga_lite/18.1/nios2eds/bin/gnu/h-x86_64-mingw32/bin/../lib/gcc/nios2-elf/5.3.0/../../../../../H-x86_64-mingw32/nios2-elf/lib/mno-hw-mul\libc.a(lib_a-strlen.o)
 .debug_info    0x000000000000620a      0x934 c:/intelfpga_lite/18.1/nios2eds/bin/gnu/h-x86_64-mingw32/bin/../lib/gcc/nios2-elf/5.3.0/../../../../../H-x86_64-mingw32/nios2-elf/lib/mno-hw-mul\libc.a(lib_a-__atexit.o)
 .debug_info    0x0000000000006b3e      0x965 c:/intelfpga_lite/18.1/nios2eds/bin/gnu/h-x86_64-mingw32/bin/../lib/gcc/nios2-elf/5.3.0/../../../../../H-x86_64-mingw32/nios2-elf/lib/mno-hw-mul\libc.a(lib_a-__call_atexit.o)
 .debug_info    0x00000000000074a3       0xb4 c:/intelfpga_lite/18.1/nios2eds/bin/gnu/h-x86_64-mingw32/bin/../lib/gcc/nios2-elf/5.3.0/mno-hw-mul\libgcc.a(lib2-mul.o)
 .debug_info    0x0000000000007557       0xec ../aribtration_part1_software_bsp/\libhal_bsp.a(alt_exit.o)

.debug_abbrev   0x0000000000000000     0x2968
 *(.debug_abbrev)
 .debug_abbrev  0x0000000000000000       0x12 ../aribtration_part1_software_bsp//obj/HAL/src/crt0.o
 .debug_abbrev  0x0000000000000012       0xb4 obj/default/Arbitration_part1.o
 .debug_abbrev  0x00000000000000c6       0x9f ../aribtration_part1_software_bsp/\libhal_bsp.a(alt_load.o)
 .debug_abbrev  0x0000000000000165       0xba ../aribtration_part1_software_bsp/\libhal_bsp.a(alt_main.o)
 .debug_abbrev  0x000000000000021f      0x187 ../aribtration_part1_software_bsp/\libhal_bsp.a(alt_sys_init.o)
 .debug_abbrev  0x00000000000003a6      0x127 ../aribtration_part1_software_bsp/\libhal_bsp.a(altera_avalon_jtag_uart_fd.o)
 .debug_abbrev  0x00000000000004cd      0x19e ../aribtration_part1_software_bsp/\libhal_bsp.a(altera_avalon_jtag_uart_init.o)
 .debug_abbrev  0x000000000000066b      0x111 ../aribtration_part1_software_bsp/\libhal_bsp.a(altera_avalon_jtag_uart_ioctl.o)
 .debug_abbrev  0x000000000000077c      0x1aa ../aribtration_part1_software_bsp/\libhal_bsp.a(altera_avalon_jtag_uart_read.o)
 .debug_abbrev  0x0000000000000926      0x1a8 ../aribtration_part1_software_bsp/\libhal_bsp.a(altera_avalon_jtag_uart_write.o)
 .debug_abbrev  0x0000000000000ace      0x162 ../aribtration_part1_software_bsp/\libhal_bsp.a(alt_alarm_start.o)
 .debug_abbrev  0x0000000000000c30      0x11f ../aribtration_part1_software_bsp/\libhal_bsp.a(alt_close.o)
 .debug_abbrev  0x0000000000000d4f       0x42 ../aribtration_part1_software_bsp/\libhal_bsp.a(alt_dcache_flush_all.o)
 .debug_abbrev  0x0000000000000d91       0xd9 ../aribtration_part1_software_bsp/\libhal_bsp.a(alt_dev.o)
 .debug_abbrev  0x0000000000000e6a      0x114 ../aribtration_part1_software_bsp/\libhal_bsp.a(alt_dev_llist_insert.o)
 .debug_abbrev  0x0000000000000f7e       0x79 ../aribtration_part1_software_bsp/\libhal_bsp.a(alt_do_ctors.o)
 .debug_abbrev  0x0000000000000ff7       0x79 ../aribtration_part1_software_bsp/\libhal_bsp.a(alt_do_dtors.o)
 .debug_abbrev  0x0000000000001070       0x5a ../aribtration_part1_software_bsp/\libhal_bsp.a(alt_errno.o)
 .debug_abbrev  0x00000000000010ca       0x42 ../aribtration_part1_software_bsp/\libhal_bsp.a(alt_icache_flush_all.o)
 .debug_abbrev  0x000000000000110c      0x163 ../aribtration_part1_software_bsp/\libhal_bsp.a(alt_iic.o)
 .debug_abbrev  0x000000000000126f      0x169 ../aribtration_part1_software_bsp/\libhal_bsp.a(alt_iic_isr_register.o)
 .debug_abbrev  0x00000000000013d8      0x114 ../aribtration_part1_software_bsp/\libhal_bsp.a(alt_io_redirect.o)
 .debug_abbrev  0x00000000000014ec       0x12 ../aribtration_part1_software_bsp/\libhal_bsp.a(alt_irq_entry.o)
 .debug_abbrev  0x00000000000014fe      0x122 ../aribtration_part1_software_bsp/\libhal_bsp.a(alt_irq_handler.o)
 .debug_abbrev  0x0000000000001620       0x40 ../aribtration_part1_software_bsp/\libhal_bsp.a(alt_irq_vars.o)
 .debug_abbrev  0x0000000000001660      0x148 ../aribtration_part1_software_bsp/\libhal_bsp.a(alt_open.o)
 .debug_abbrev  0x00000000000017a8       0xde ../aribtration_part1_software_bsp/\libhal_bsp.a(alt_release_fd.o)
 .debug_abbrev  0x0000000000001886      0x15a ../aribtration_part1_software_bsp/\libhal_bsp.a(alt_tick.o)
 .debug_abbrev  0x00000000000019e0       0x42 ../aribtration_part1_software_bsp/\libhal_bsp.a(altera_nios2_gen2_irq.o)
 .debug_abbrev  0x0000000000001a22       0x12 ../aribtration_part1_software_bsp/\libhal_bsp.a(alt_exception_entry.o)
 .debug_abbrev  0x0000000000001a34       0xf0 ../aribtration_part1_software_bsp/\libhal_bsp.a(alt_find_dev.o)
 .debug_abbrev  0x0000000000001b24       0xf0 ../aribtration_part1_software_bsp/\libhal_bsp.a(alt_find_file.o)
 .debug_abbrev  0x0000000000001c14      0x10d ../aribtration_part1_software_bsp/\libhal_bsp.a(alt_get_fd.o)
 .debug_abbrev  0x0000000000001d21       0xdc ../aribtration_part1_software_bsp/\libhal_bsp.a(alt_instruction_exception_entry.o)
 .debug_abbrev  0x0000000000001dfd       0xaa c:/intelfpga_lite/18.1/nios2eds/bin/gnu/h-x86_64-mingw32/bin/../lib/gcc/nios2-elf/5.3.0/../../../../../H-x86_64-mingw32/nios2-elf/lib/mno-hw-mul\libc.a(lib_a-atexit.o)
 .debug_abbrev  0x0000000000001ea7      0x1e5 c:/intelfpga_lite/18.1/nios2eds/bin/gnu/h-x86_64-mingw32/bin/../lib/gcc/nios2-elf/5.3.0/../../../../../H-x86_64-mingw32/nios2-elf/lib/mno-hw-mul\libc.a(lib_a-exit.o)
 .debug_abbrev  0x000000000000208c      0x18f c:/intelfpga_lite/18.1/nios2eds/bin/gnu/h-x86_64-mingw32/bin/../lib/gcc/nios2-elf/5.3.0/../../../../../H-x86_64-mingw32/nios2-elf/lib/mno-hw-mul\libc.a(lib_a-impure.o)
 .debug_abbrev  0x000000000000221b       0x37 c:/intelfpga_lite/18.1/nios2eds/bin/gnu/h-x86_64-mingw32/bin/../lib/gcc/nios2-elf/5.3.0/../../../../../H-x86_64-mingw32/nios2-elf/lib/mno-hw-mul\libc.a(lib_a-int_errno.o)
 .debug_abbrev  0x0000000000002252       0x7f c:/intelfpga_lite/18.1/nios2eds/bin/gnu/h-x86_64-mingw32/bin/../lib/gcc/nios2-elf/5.3.0/../../../../../H-x86_64-mingw32/nios2-elf/lib/mno-hw-mul\libc.a(lib_a-memcmp.o)
 .debug_abbrev  0x00000000000022d1       0xa3 c:/intelfpga_lite/18.1/nios2eds/bin/gnu/h-x86_64-mingw32/bin/../lib/gcc/nios2-elf/5.3.0/../../../../../H-x86_64-mingw32/nios2-elf/lib/mno-hw-mul\libc.a(lib_a-memcpy.o)
 .debug_abbrev  0x0000000000002374       0x90 c:/intelfpga_lite/18.1/nios2eds/bin/gnu/h-x86_64-mingw32/bin/../lib/gcc/nios2-elf/5.3.0/../../../../../H-x86_64-mingw32/nios2-elf/lib/mno-hw-mul\libc.a(lib_a-strlen.o)
 .debug_abbrev  0x0000000000002404      0x21e c:/intelfpga_lite/18.1/nios2eds/bin/gnu/h-x86_64-mingw32/bin/../lib/gcc/nios2-elf/5.3.0/../../../../../H-x86_64-mingw32/nios2-elf/lib/mno-hw-mul\libc.a(lib_a-__atexit.o)
 .debug_abbrev  0x0000000000002622      0x22e c:/intelfpga_lite/18.1/nios2eds/bin/gnu/h-x86_64-mingw32/bin/../lib/gcc/nios2-elf/5.3.0/../../../../../H-x86_64-mingw32/nios2-elf/lib/mno-hw-mul\libc.a(lib_a-__call_atexit.o)
 .debug_abbrev  0x0000000000002850       0x6f c:/intelfpga_lite/18.1/nios2eds/bin/gnu/h-x86_64-mingw32/bin/../lib/gcc/nios2-elf/5.3.0/mno-hw-mul\libgcc.a(lib2-mul.o)
 .debug_abbrev  0x00000000000028bf       0xa9 ../aribtration_part1_software_bsp/\libhal_bsp.a(alt_exit.o)

.debug_line     0x0000000000000000     0x29a1
 *(.debug_line)
 .debug_line    0x0000000000000000       0x66 ../aribtration_part1_software_bsp//obj/HAL/src/crt0.o
 .debug_line    0x0000000000000066       0x8d obj/default/Arbitration_part1.o
 .debug_line    0x00000000000000f3       0x8e ../aribtration_part1_software_bsp/\libhal_bsp.a(alt_load.o)
 .debug_line    0x0000000000000181       0xa4 ../aribtration_part1_software_bsp/\libhal_bsp.a(alt_main.o)
 .debug_line    0x0000000000000225      0x137 ../aribtration_part1_software_bsp/\libhal_bsp.a(alt_sys_init.o)
 .debug_line    0x000000000000035c      0x12f ../aribtration_part1_software_bsp/\libhal_bsp.a(altera_avalon_jtag_uart_fd.o)
 .debug_line    0x000000000000048b      0x18b ../aribtration_part1_software_bsp/\libhal_bsp.a(altera_avalon_jtag_uart_init.o)
 .debug_line    0x0000000000000616      0x131 ../aribtration_part1_software_bsp/\libhal_bsp.a(altera_avalon_jtag_uart_ioctl.o)
 .debug_line    0x0000000000000747      0x171 ../aribtration_part1_software_bsp/\libhal_bsp.a(altera_avalon_jtag_uart_read.o)
 .debug_line    0x00000000000008b8      0x170 ../aribtration_part1_software_bsp/\libhal_bsp.a(altera_avalon_jtag_uart_write.o)
 .debug_line    0x0000000000000a28       0xf9 ../aribtration_part1_software_bsp/\libhal_bsp.a(alt_alarm_start.o)
 .debug_line    0x0000000000000b21      0x165 ../aribtration_part1_software_bsp/\libhal_bsp.a(alt_close.o)
 .debug_line    0x0000000000000c86       0x51 ../aribtration_part1_software_bsp/\libhal_bsp.a(alt_dcache_flush_all.o)
 .debug_line    0x0000000000000cd7       0xf8 ../aribtration_part1_software_bsp/\libhal_bsp.a(alt_dev.o)
 .debug_line    0x0000000000000dcf       0xcf ../aribtration_part1_software_bsp/\libhal_bsp.a(alt_dev_llist_insert.o)
 .debug_line    0x0000000000000e9e       0x59 ../aribtration_part1_software_bsp/\libhal_bsp.a(alt_do_ctors.o)
 .debug_line    0x0000000000000ef7       0x59 ../aribtration_part1_software_bsp/\libhal_bsp.a(alt_do_dtors.o)
 .debug_line    0x0000000000000f50       0x51 ../aribtration_part1_software_bsp/\libhal_bsp.a(alt_errno.o)
 .debug_line    0x0000000000000fa1       0x4f ../aribtration_part1_software_bsp/\libhal_bsp.a(alt_icache_flush_all.o)
 .debug_line    0x0000000000000ff0       0xeb ../aribtration_part1_software_bsp/\libhal_bsp.a(alt_iic.o)
 .debug_line    0x00000000000010db       0xdb ../aribtration_part1_software_bsp/\libhal_bsp.a(alt_iic_isr_register.o)
 .debug_line    0x00000000000011b6      0x135 ../aribtration_part1_software_bsp/\libhal_bsp.a(alt_io_redirect.o)
 .debug_line    0x00000000000012eb       0x6b ../aribtration_part1_software_bsp/\libhal_bsp.a(alt_irq_entry.o)
 .debug_line    0x0000000000001356       0xaa ../aribtration_part1_software_bsp/\libhal_bsp.a(alt_irq_handler.o)
 .debug_line    0x0000000000001400       0x50 ../aribtration_part1_software_bsp/\libhal_bsp.a(alt_irq_vars.o)
 .debug_line    0x0000000000001450      0x12b ../aribtration_part1_software_bsp/\libhal_bsp.a(alt_open.o)
 .debug_line    0x000000000000157b       0xb0 ../aribtration_part1_software_bsp/\libhal_bsp.a(alt_release_fd.o)
 .debug_line    0x000000000000162b       0xff ../aribtration_part1_software_bsp/\libhal_bsp.a(alt_tick.o)
 .debug_line    0x000000000000172a       0x51 ../aribtration_part1_software_bsp/\libhal_bsp.a(altera_nios2_gen2_irq.o)
 .debug_line    0x000000000000177b       0xb3 ../aribtration_part1_software_bsp/\libhal_bsp.a(alt_exception_entry.o)
 .debug_line    0x000000000000182e       0xb5 ../aribtration_part1_software_bsp/\libhal_bsp.a(alt_find_dev.o)
 .debug_line    0x00000000000018e3       0xd1 ../aribtration_part1_software_bsp/\libhal_bsp.a(alt_find_file.o)
 .debug_line    0x00000000000019b4       0xd7 ../aribtration_part1_software_bsp/\libhal_bsp.a(alt_get_fd.o)
 .debug_line    0x0000000000001a8b       0xb9 ../aribtration_part1_software_bsp/\libhal_bsp.a(alt_instruction_exception_entry.o)
 .debug_line    0x0000000000001b44       0xe7 c:/intelfpga_lite/18.1/nios2eds/bin/gnu/h-x86_64-mingw32/bin/../lib/gcc/nios2-elf/5.3.0/../../../../../H-x86_64-mingw32/nios2-elf/lib/mno-hw-mul\libc.a(lib_a-atexit.o)
 .debug_line    0x0000000000001c2b      0x1fc c:/intelfpga_lite/18.1/nios2eds/bin/gnu/h-x86_64-mingw32/bin/../lib/gcc/nios2-elf/5.3.0/../../../../../H-x86_64-mingw32/nios2-elf/lib/mno-hw-mul\libc.a(lib_a-exit.o)
 .debug_line    0x0000000000001e27      0x160 c:/intelfpga_lite/18.1/nios2eds/bin/gnu/h-x86_64-mingw32/bin/../lib/gcc/nios2-elf/5.3.0/../../../../../H-x86_64-mingw32/nios2-elf/lib/mno-hw-mul\libc.a(lib_a-impure.o)
 .debug_line    0x0000000000001f87       0x5f c:/intelfpga_lite/18.1/nios2eds/bin/gnu/h-x86_64-mingw32/bin/../lib/gcc/nios2-elf/5.3.0/../../../../../H-x86_64-mingw32/nios2-elf/lib/mno-hw-mul\libc.a(lib_a-int_errno.o)
 .debug_line    0x0000000000001fe6      0x176 c:/intelfpga_lite/18.1/nios2eds/bin/gnu/h-x86_64-mingw32/bin/../lib/gcc/nios2-elf/5.3.0/../../../../../H-x86_64-mingw32/nios2-elf/lib/mno-hw-mul\libc.a(lib_a-memcmp.o)
 .debug_line    0x000000000000215c      0x18c c:/intelfpga_lite/18.1/nios2eds/bin/gnu/h-x86_64-mingw32/bin/../lib/gcc/nios2-elf/5.3.0/../../../../../H-x86_64-mingw32/nios2-elf/lib/mno-hw-mul\libc.a(lib_a-memcpy.o)
 .debug_line    0x00000000000022e8      0x16f c:/intelfpga_lite/18.1/nios2eds/bin/gnu/h-x86_64-mingw32/bin/../lib/gcc/nios2-elf/5.3.0/../../../../../H-x86_64-mingw32/nios2-elf/lib/mno-hw-mul\libc.a(lib_a-strlen.o)
 .debug_line    0x0000000000002457      0x21f c:/intelfpga_lite/18.1/nios2eds/bin/gnu/h-x86_64-mingw32/bin/../lib/gcc/nios2-elf/5.3.0/../../../../../H-x86_64-mingw32/nios2-elf/lib/mno-hw-mul\libc.a(lib_a-__atexit.o)
 .debug_line    0x0000000000002676      0x23a c:/intelfpga_lite/18.1/nios2eds/bin/gnu/h-x86_64-mingw32/bin/../lib/gcc/nios2-elf/5.3.0/../../../../../H-x86_64-mingw32/nios2-elf/lib/mno-hw-mul\libc.a(lib_a-__call_atexit.o)
 .debug_line    0x00000000000028b0       0x80 c:/intelfpga_lite/18.1/nios2eds/bin/gnu/h-x86_64-mingw32/bin/../lib/gcc/nios2-elf/5.3.0/mno-hw-mul\libgcc.a(lib2-mul.o)
 .debug_line    0x0000000000002930       0x71 ../aribtration_part1_software_bsp/\libhal_bsp.a(alt_exit.o)

.debug_frame    0x0000000000000000      0xac8
 *(.debug_frame)
 .debug_frame   0x0000000000000000       0x50 obj/default/Arbitration_part1.o
 .debug_frame   0x0000000000000050       0x5c ../aribtration_part1_software_bsp/\libhal_bsp.a(alt_load.o)
 .debug_frame   0x00000000000000ac       0x2c ../aribtration_part1_software_bsp/\libhal_bsp.a(alt_main.o)
 .debug_frame   0x00000000000000d8       0x88 ../aribtration_part1_software_bsp/\libhal_bsp.a(alt_sys_init.o)
 .debug_frame   0x0000000000000160       0xb0 ../aribtration_part1_software_bsp/\libhal_bsp.a(altera_avalon_jtag_uart_fd.o)
 .debug_frame   0x0000000000000210       0xa4 ../aribtration_part1_software_bsp/\libhal_bsp.a(altera_avalon_jtag_uart_init.o)
 .debug_frame   0x00000000000002b4       0x34 ../aribtration_part1_software_bsp/\libhal_bsp.a(altera_avalon_jtag_uart_ioctl.o)
 .debug_frame   0x00000000000002e8       0x38 ../aribtration_part1_software_bsp/\libhal_bsp.a(altera_avalon_jtag_uart_read.o)
 .debug_frame   0x0000000000000320       0x38 ../aribtration_part1_software_bsp/\libhal_bsp.a(altera_avalon_jtag_uart_write.o)
 .debug_frame   0x0000000000000358       0x34 ../aribtration_part1_software_bsp/\libhal_bsp.a(alt_alarm_start.o)
 .debug_frame   0x000000000000038c       0x60 ../aribtration_part1_software_bsp/\libhal_bsp.a(alt_close.o)
 .debug_frame   0x00000000000003ec       0x34 ../aribtration_part1_software_bsp/\libhal_bsp.a(alt_dcache_flush_all.o)
 .debug_frame   0x0000000000000420       0x34 ../aribtration_part1_software_bsp/\libhal_bsp.a(alt_dev.o)
 .debug_frame   0x0000000000000454       0x60 ../aribtration_part1_software_bsp/\libhal_bsp.a(alt_dev_llist_insert.o)
 .debug_frame   0x00000000000004b4       0x38 ../aribtration_part1_software_bsp/\libhal_bsp.a(alt_do_ctors.o)
 .debug_frame   0x00000000000004ec       0x38 ../aribtration_part1_software_bsp/\libhal_bsp.a(alt_do_dtors.o)
 .debug_frame   0x0000000000000524       0x34 ../aribtration_part1_software_bsp/\libhal_bsp.a(alt_icache_flush_all.o)
 .debug_frame   0x0000000000000558       0xa4 ../aribtration_part1_software_bsp/\libhal_bsp.a(alt_iic.o)
 .debug_frame   0x00000000000005fc       0x38 ../aribtration_part1_software_bsp/\libhal_bsp.a(alt_iic_isr_register.o)
 .debug_frame   0x0000000000000634       0x64 ../aribtration_part1_software_bsp/\libhal_bsp.a(alt_io_redirect.o)
 .debug_frame   0x0000000000000698       0x38 ../aribtration_part1_software_bsp/\libhal_bsp.a(alt_irq_handler.o)
 .debug_frame   0x00000000000006d0       0x8c ../aribtration_part1_software_bsp/\libhal_bsp.a(alt_open.o)
 .debug_frame   0x000000000000075c       0x3c ../aribtration_part1_software_bsp/\libhal_bsp.a(alt_release_fd.o)
 .debug_frame   0x0000000000000798       0x5c ../aribtration_part1_software_bsp/\libhal_bsp.a(alt_tick.o)
 .debug_frame   0x00000000000007f4       0x34 ../aribtration_part1_software_bsp/\libhal_bsp.a(altera_nios2_gen2_irq.o)
 .debug_frame   0x0000000000000828       0x38 ../aribtration_part1_software_bsp/\libhal_bsp.a(alt_find_dev.o)
 .debug_frame   0x0000000000000860       0x38 ../aribtration_part1_software_bsp/\libhal_bsp.a(alt_find_file.o)
 .debug_frame   0x0000000000000898       0x3c ../aribtration_part1_software_bsp/\libhal_bsp.a(alt_get_fd.o)
 .debug_frame   0x00000000000008d4       0x5c ../aribtration_part1_software_bsp/\libhal_bsp.a(alt_instruction_exception_entry.o)
 .debug_frame   0x0000000000000930       0x20 c:/intelfpga_lite/18.1/nios2eds/bin/gnu/h-x86_64-mingw32/bin/../lib/gcc/nios2-elf/5.3.0/../../../../../H-x86_64-mingw32/nios2-elf/lib/mno-hw-mul\libc.a(lib_a-atexit.o)
 .debug_frame   0x0000000000000950       0x28 c:/intelfpga_lite/18.1/nios2eds/bin/gnu/h-x86_64-mingw32/bin/../lib/gcc/nios2-elf/5.3.0/../../../../../H-x86_64-mingw32/nios2-elf/lib/mno-hw-mul\libc.a(lib_a-exit.o)
 .debug_frame   0x0000000000000978       0x20 c:/intelfpga_lite/18.1/nios2eds/bin/gnu/h-x86_64-mingw32/bin/../lib/gcc/nios2-elf/5.3.0/../../../../../H-x86_64-mingw32/nios2-elf/lib/mno-hw-mul\libc.a(lib_a-memcmp.o)
 .debug_frame   0x0000000000000998       0x38 c:/intelfpga_lite/18.1/nios2eds/bin/gnu/h-x86_64-mingw32/bin/../lib/gcc/nios2-elf/5.3.0/../../../../../H-x86_64-mingw32/nios2-elf/lib/mno-hw-mul\libc.a(lib_a-memcpy.o)
 .debug_frame   0x00000000000009d0       0x20 c:/intelfpga_lite/18.1/nios2eds/bin/gnu/h-x86_64-mingw32/bin/../lib/gcc/nios2-elf/5.3.0/../../../../../H-x86_64-mingw32/nios2-elf/lib/mno-hw-mul\libc.a(lib_a-strlen.o)
 .debug_frame   0x00000000000009f0       0x38 c:/intelfpga_lite/18.1/nios2eds/bin/gnu/h-x86_64-mingw32/bin/../lib/gcc/nios2-elf/5.3.0/../../../../../H-x86_64-mingw32/nios2-elf/lib/mno-hw-mul\libc.a(lib_a-__atexit.o)
 .debug_frame   0x0000000000000a28       0x54 c:/intelfpga_lite/18.1/nios2eds/bin/gnu/h-x86_64-mingw32/bin/../lib/gcc/nios2-elf/5.3.0/../../../../../H-x86_64-mingw32/nios2-elf/lib/mno-hw-mul\libc.a(lib_a-__call_atexit.o)
 .debug_frame   0x0000000000000a7c       0x20 c:/intelfpga_lite/18.1/nios2eds/bin/gnu/h-x86_64-mingw32/bin/../lib/gcc/nios2-elf/5.3.0/mno-hw-mul\libgcc.a(lib2-mul.o)
 .debug_frame   0x0000000000000a9c       0x2c ../aribtration_part1_software_bsp/\libhal_bsp.a(alt_exit.o)

.debug_str      0x0000000000000000     0x1c16
 *(.debug_str)
 .debug_str     0x0000000000000000      0x181 obj/default/Arbitration_part1.o
                                        0x1c5 (size before relaxing)
 .debug_str     0x0000000000000181      0x15b ../aribtration_part1_software_bsp/\libhal_bsp.a(alt_load.o)
                                        0x242 (size before relaxing)
 .debug_str     0x00000000000002dc       0x70 ../aribtration_part1_software_bsp/\libhal_bsp.a(alt_main.o)
                                        0x1cd (size before relaxing)
 .debug_str     0x000000000000034c      0x1a2 ../aribtration_part1_software_bsp/\libhal_bsp.a(alt_sys_init.o)
                                        0x388 (size before relaxing)
 .debug_str     0x00000000000004ee       0xb9 ../aribtration_part1_software_bsp/\libhal_bsp.a(altera_avalon_jtag_uart_fd.o)
                                        0x3d4 (size before relaxing)
 .debug_str     0x00000000000005a7       0xd1 ../aribtration_part1_software_bsp/\libhal_bsp.a(altera_avalon_jtag_uart_init.o)
                                        0x368 (size before relaxing)
 .debug_str     0x0000000000000678       0x4a ../aribtration_part1_software_bsp/\libhal_bsp.a(altera_avalon_jtag_uart_ioctl.o)
                                        0x2c3 (size before relaxing)
 .debug_str     0x00000000000006c2       0x7f ../aribtration_part1_software_bsp/\libhal_bsp.a(altera_avalon_jtag_uart_read.o)
                                        0x318 (size before relaxing)
 .debug_str     0x0000000000000741       0x4a ../aribtration_part1_software_bsp/\libhal_bsp.a(altera_avalon_jtag_uart_write.o)
                                        0x319 (size before relaxing)
 .debug_str     0x000000000000078b       0x59 ../aribtration_part1_software_bsp/\libhal_bsp.a(alt_alarm_start.o)
                                        0x2ae (size before relaxing)
 .debug_str     0x00000000000007e4       0x44 ../aribtration_part1_software_bsp/\libhal_bsp.a(alt_close.o)
                                        0x23b (size before relaxing)
 .debug_str     0x0000000000000828       0x34 ../aribtration_part1_software_bsp/\libhal_bsp.a(alt_dcache_flush_all.o)
                                        0x185 (size before relaxing)
 .debug_str     0x000000000000085c      0x120 ../aribtration_part1_software_bsp/\libhal_bsp.a(alt_dev.o)
                                        0x335 (size before relaxing)
 .debug_str     0x000000000000097c       0x34 ../aribtration_part1_software_bsp/\libhal_bsp.a(alt_dev_llist_insert.o)
                                        0x1fc (size before relaxing)
 .debug_str     0x00000000000009b0       0x48 ../aribtration_part1_software_bsp/\libhal_bsp.a(alt_do_ctors.o)
                                        0x100 (size before relaxing)
 .debug_str     0x00000000000009f8       0x4c ../aribtration_part1_software_bsp/\libhal_bsp.a(alt_do_dtors.o)
                                         0xff (size before relaxing)
 .debug_str     0x0000000000000a44       0x14 ../aribtration_part1_software_bsp/\libhal_bsp.a(alt_errno.o)
                                        0x175 (size before relaxing)
 .debug_str     0x0000000000000a58       0x34 ../aribtration_part1_software_bsp/\libhal_bsp.a(alt_icache_flush_all.o)
                                        0x185 (size before relaxing)
 .debug_str     0x0000000000000a8c       0xc4 ../aribtration_part1_software_bsp/\libhal_bsp.a(alt_iic.o)
                                        0x26e (size before relaxing)
 .debug_str     0x0000000000000b50       0x4c ../aribtration_part1_software_bsp/\libhal_bsp.a(alt_iic_isr_register.o)
                                        0x218 (size before relaxing)
 .debug_str     0x0000000000000b9c       0x56 ../aribtration_part1_software_bsp/\libhal_bsp.a(alt_io_redirect.o)
                                        0x346 (size before relaxing)
 .debug_str     0x0000000000000bf2       0x3a ../aribtration_part1_software_bsp/\libhal_bsp.a(alt_irq_handler.o)
                                        0x1c7 (size before relaxing)
 .debug_str     0x0000000000000c2c       0x17 ../aribtration_part1_software_bsp/\libhal_bsp.a(alt_irq_vars.o)
                                        0x16a (size before relaxing)
 .debug_str     0x0000000000000c43       0x2f ../aribtration_part1_software_bsp/\libhal_bsp.a(alt_open.o)
                                        0x27b (size before relaxing)
 .debug_str     0x0000000000000c72       0x28 ../aribtration_part1_software_bsp/\libhal_bsp.a(alt_release_fd.o)
                                        0x203 (size before relaxing)
 .debug_str     0x0000000000000c9a       0x4a ../aribtration_part1_software_bsp/\libhal_bsp.a(alt_tick.o)
                                        0x282 (size before relaxing)
 .debug_str     0x0000000000000ce4       0x3b ../aribtration_part1_software_bsp/\libhal_bsp.a(altera_nios2_gen2_irq.o)
                                        0x18c (size before relaxing)
 .debug_str     0x0000000000000d1f       0x24 ../aribtration_part1_software_bsp/\libhal_bsp.a(alt_find_dev.o)
                                        0x21c (size before relaxing)
 .debug_str     0x0000000000000d43       0x26 ../aribtration_part1_software_bsp/\libhal_bsp.a(alt_find_file.o)
                                        0x22a (size before relaxing)
 .debug_str     0x0000000000000d69       0x30 ../aribtration_part1_software_bsp/\libhal_bsp.a(alt_get_fd.o)
                                        0x24c (size before relaxing)
 .debug_str     0x0000000000000d99      0x48b ../aribtration_part1_software_bsp/\libhal_bsp.a(alt_instruction_exception_entry.o)
                                        0x5d0 (size before relaxing)
 .debug_str     0x0000000000001224      0x17c c:/intelfpga_lite/18.1/nios2eds/bin/gnu/h-x86_64-mingw32/bin/../lib/gcc/nios2-elf/5.3.0/../../../../../H-x86_64-mingw32/nios2-elf/lib/mno-hw-mul\libc.a(lib_a-atexit.o)
                                        0x221 (size before relaxing)
 .debug_str     0x00000000000013a0      0x3b5 c:/intelfpga_lite/18.1/nios2eds/bin/gnu/h-x86_64-mingw32/bin/../lib/gcc/nios2-elf/5.3.0/../../../../../H-x86_64-mingw32/nios2-elf/lib/mno-hw-mul\libc.a(lib_a-exit.o)
                                        0x5be (size before relaxing)
 .debug_str     0x0000000000001755       0xd6 c:/intelfpga_lite/18.1/nios2eds/bin/gnu/h-x86_64-mingw32/bin/../lib/gcc/nios2-elf/5.3.0/../../../../../H-x86_64-mingw32/nios2-elf/lib/mno-hw-mul\libc.a(lib_a-impure.o)
                                        0x5b5 (size before relaxing)
 .debug_str     0x000000000000182b       0x3f c:/intelfpga_lite/18.1/nios2eds/bin/gnu/h-x86_64-mingw32/bin/../lib/gcc/nios2-elf/5.3.0/../../../../../H-x86_64-mingw32/nios2-elf/lib/mno-hw-mul\libc.a(lib_a-int_errno.o)
                                        0x1dd (size before relaxing)
 .debug_str     0x000000000000186a       0xda c:/intelfpga_lite/18.1/nios2eds/bin/gnu/h-x86_64-mingw32/bin/../lib/gcc/nios2-elf/5.3.0/../../../../../H-x86_64-mingw32/nios2-elf/lib/mno-hw-mul\libc.a(lib_a-memcmp.o)
                                        0x1e4 (size before relaxing)
 .debug_str     0x0000000000001944       0x6b c:/intelfpga_lite/18.1/nios2eds/bin/gnu/h-x86_64-mingw32/bin/../lib/gcc/nios2-elf/5.3.0/../../../../../H-x86_64-mingw32/nios2-elf/lib/mno-hw-mul\libc.a(lib_a-memcpy.o)
                                        0x20b (size before relaxing)
 .debug_str     0x00000000000019af       0x51 c:/intelfpga_lite/18.1/nios2eds/bin/gnu/h-x86_64-mingw32/bin/../lib/gcc/nios2-elf/5.3.0/../../../../../H-x86_64-mingw32/nios2-elf/lib/mno-hw-mul\libc.a(lib_a-strlen.o)
                                        0x1f7 (size before relaxing)
 .debug_str     0x0000000000001a00       0x3f c:/intelfpga_lite/18.1/nios2eds/bin/gnu/h-x86_64-mingw32/bin/../lib/gcc/nios2-elf/5.3.0/../../../../../H-x86_64-mingw32/nios2-elf/lib/mno-hw-mul\libc.a(lib_a-__atexit.o)
                                        0x5f6 (size before relaxing)
 .debug_str     0x0000000000001a3f       0x65 c:/intelfpga_lite/18.1/nios2eds/bin/gnu/h-x86_64-mingw32/bin/../lib/gcc/nios2-elf/5.3.0/../../../../../H-x86_64-mingw32/nios2-elf/lib/mno-hw-mul\libc.a(lib_a-__call_atexit.o)
                                        0x5e2 (size before relaxing)
 .debug_str     0x0000000000001aa4      0x148 c:/intelfpga_lite/18.1/nios2eds/bin/gnu/h-x86_64-mingw32/bin/../lib/gcc/nios2-elf/5.3.0/mno-hw-mul\libgcc.a(lib2-mul.o)
                                        0x193 (size before relaxing)
 .debug_str     0x0000000000001bec       0x2a ../aribtration_part1_software_bsp/\libhal_bsp.a(alt_exit.o)
                                        0x181 (size before relaxing)

.debug_loc      0x0000000000000000      0x803
 *(.debug_loc)
 .debug_loc     0x0000000000000000       0x2c c:/intelfpga_lite/18.1/nios2eds/bin/gnu/h-x86_64-mingw32/bin/../lib/gcc/nios2-elf/5.3.0/../../../../../H-x86_64-mingw32/nios2-elf/lib/mno-hw-mul\libc.a(lib_a-atexit.o)
 .debug_loc     0x000000000000002c       0x1e c:/intelfpga_lite/18.1/nios2eds/bin/gnu/h-x86_64-mingw32/bin/../lib/gcc/nios2-elf/5.3.0/../../../../../H-x86_64-mingw32/nios2-elf/lib/mno-hw-mul\libc.a(lib_a-exit.o)
 .debug_loc     0x000000000000004a      0x126 c:/intelfpga_lite/18.1/nios2eds/bin/gnu/h-x86_64-mingw32/bin/../lib/gcc/nios2-elf/5.3.0/../../../../../H-x86_64-mingw32/nios2-elf/lib/mno-hw-mul\libc.a(lib_a-memcmp.o)
 .debug_loc     0x0000000000000170      0x266 c:/intelfpga_lite/18.1/nios2eds/bin/gnu/h-x86_64-mingw32/bin/../lib/gcc/nios2-elf/5.3.0/../../../../../H-x86_64-mingw32/nios2-elf/lib/mno-hw-mul\libc.a(lib_a-memcpy.o)
 .debug_loc     0x00000000000003d6       0x47 c:/intelfpga_lite/18.1/nios2eds/bin/gnu/h-x86_64-mingw32/bin/../lib/gcc/nios2-elf/5.3.0/../../../../../H-x86_64-mingw32/nios2-elf/lib/mno-hw-mul\libc.a(lib_a-strlen.o)
 .debug_loc     0x000000000000041d      0x185 c:/intelfpga_lite/18.1/nios2eds/bin/gnu/h-x86_64-mingw32/bin/../lib/gcc/nios2-elf/5.3.0/../../../../../H-x86_64-mingw32/nios2-elf/lib/mno-hw-mul\libc.a(lib_a-__atexit.o)
 .debug_loc     0x00000000000005a2      0x1ce c:/intelfpga_lite/18.1/nios2eds/bin/gnu/h-x86_64-mingw32/bin/../lib/gcc/nios2-elf/5.3.0/../../../../../H-x86_64-mingw32/nios2-elf/lib/mno-hw-mul\libc.a(lib_a-__call_atexit.o)
 .debug_loc     0x0000000000000770       0x93 c:/intelfpga_lite/18.1/nios2eds/bin/gnu/h-x86_64-mingw32/bin/../lib/gcc/nios2-elf/5.3.0/mno-hw-mul\libgcc.a(lib2-mul.o)

.debug_macinfo
 *(.debug_macinfo)

.debug_weaknames
 *(.debug_weaknames)

.debug_funcnames
 *(.debug_funcnames)

.debug_typenames
 *(.debug_typenames)

.debug_varnames
 *(.debug_varnames)

.debug_alt_sim_info
                0x0000000000000000       0x10
 *(.debug_alt_sim_info)
 .debug_alt_sim_info
                0x0000000000000000       0x10 ../aribtration_part1_software_bsp//obj/HAL/src/crt0.o
                0x0000000000030000                __alt_data_end = 0x30000
                0x0000000000030000                PROVIDE (__alt_stack_pointer, __alt_data_end)
                [!provide]                        PROVIDE (__alt_stack_limit, __alt_stack_base)
                [!provide]                        PROVIDE (__alt_heap_start, end)
                [!provide]                        PROVIDE (__alt_heap_limit, 0x30000)
OUTPUT(aribtration_part1_software.elf elf32-littlenios2)

.debug_ranges   0x0000000000000000      0x178
 .debug_ranges  0x0000000000000000       0x20 ../aribtration_part1_software_bsp//obj/HAL/src/crt0.o
 .debug_ranges  0x0000000000000020       0x30 ../aribtration_part1_software_bsp/\libhal_bsp.a(altera_avalon_jtag_uart_init.o)
 .debug_ranges  0x0000000000000050       0x18 ../aribtration_part1_software_bsp/\libhal_bsp.a(altera_avalon_jtag_uart_read.o)
 .debug_ranges  0x0000000000000068       0x28 ../aribtration_part1_software_bsp/\libhal_bsp.a(alt_irq_entry.o)
 .debug_ranges  0x0000000000000090       0x10 ../aribtration_part1_software_bsp/\libhal_bsp.a(alt_irq_handler.o)
 .debug_ranges  0x00000000000000a0       0x30 ../aribtration_part1_software_bsp/\libhal_bsp.a(alt_exception_entry.o)
 .debug_ranges  0x00000000000000d0       0x18 ../aribtration_part1_software_bsp/\libhal_bsp.a(alt_instruction_exception_entry.o)
 .debug_ranges  0x00000000000000e8       0x10 c:/intelfpga_lite/18.1/nios2eds/bin/gnu/h-x86_64-mingw32/bin/../lib/gcc/nios2-elf/5.3.0/../../../../../H-x86_64-mingw32/nios2-elf/lib/mno-hw-mul\libc.a(lib_a-atexit.o)
 .debug_ranges  0x00000000000000f8       0x10 c:/intelfpga_lite/18.1/nios2eds/bin/gnu/h-x86_64-mingw32/bin/../lib/gcc/nios2-elf/5.3.0/../../../../../H-x86_64-mingw32/nios2-elf/lib/mno-hw-mul\libc.a(lib_a-exit.o)
 .debug_ranges  0x0000000000000108       0x10 c:/intelfpga_lite/18.1/nios2eds/bin/gnu/h-x86_64-mingw32/bin/../lib/gcc/nios2-elf/5.3.0/../../../../../H-x86_64-mingw32/nios2-elf/lib/mno-hw-mul\libc.a(lib_a-memcmp.o)
 .debug_ranges  0x0000000000000118       0x10 c:/intelfpga_lite/18.1/nios2eds/bin/gnu/h-x86_64-mingw32/bin/../lib/gcc/nios2-elf/5.3.0/../../../../../H-x86_64-mingw32/nios2-elf/lib/mno-hw-mul\libc.a(lib_a-memcpy.o)
 .debug_ranges  0x0000000000000128       0x10 c:/intelfpga_lite/18.1/nios2eds/bin/gnu/h-x86_64-mingw32/bin/../lib/gcc/nios2-elf/5.3.0/../../../../../H-x86_64-mingw32/nios2-elf/lib/mno-hw-mul\libc.a(lib_a-strlen.o)
 .debug_ranges  0x0000000000000138       0x10 c:/intelfpga_lite/18.1/nios2eds/bin/gnu/h-x86_64-mingw32/bin/../lib/gcc/nios2-elf/5.3.0/../../../../../H-x86_64-mingw32/nios2-elf/lib/mno-hw-mul\libc.a(lib_a-__atexit.o)
 .debug_ranges  0x0000000000000148       0x30 c:/intelfpga_lite/18.1/nios2eds/bin/gnu/h-x86_64-mingw32/bin/../lib/gcc/nios2-elf/5.3.0/../../../../../H-x86_64-mingw32/nios2-elf/lib/mno-hw-mul\libc.a(lib_a-__call_atexit.o)
